<html>
<body>
<pre>
<h1>µVision Build Log</h1>
<h2>Tool Versions:</h2>
IDE-Version: ¦ÌVision V5.14.2
Copyright (C) 2015 ARM Ltd and ARM Germany GmbH. All rights reserved.
License Information: Cortex-M3, fdfgdreestr, LIC=ZB401-CUVPY-I57TC-7RQWF-BUKXF-U64IC
 
Tool Versions:
Toolchain:       MDK-ARM Standard  Version: 5.11.0.0
Toolchain Path:  E:\keil5\ARM\ARMCC\Bin
C Compiler:      Armcc.exe V5.04 update 1 (build 49)
Assembler:       Armasm.exe V5.04 update 1 (build 49)
Linker/Locator:  ArmLink.exe V5.04 update 1 (build 49)
Library Manager: ArmAr.exe V5.04 update 1 (build 49)
Hex Converter:   FromElf.exe V5.04 update 1 (build 49)
CPU DLL:         SARMCM3.DLL V5.11.0.0
Dialog DLL:      DCM.DLL V1.11.0.0
Target DLL:      Segger\JL2CM3.dll V2.97.0.0
Dialog DLL:      TCM.DLL V1.14.1.0
 
<h2>Project:</h2>
E:\STM32_cube_project\cube\Encoder_Speed_1\MDK-ARM\Encoder_Speed_1.uvprojx
Project File Date:  02/25/2021

<h2>Output:</h2>
*** Using Compiler 'V5.04 update 1 (build 49)', folder: 'E:\keil5\ARM\ARMCC\Bin'
Build target 'Encoder_Speed_1'
compiling main.c...
linking...
Program Size: Code=6732 RO-data=360 RW-data=32 ZI-data=1304  
FromELF: creating hex file...
"Encoder_Speed_1\Encoder_Speed_1.axf" - 0 Error(s), 0 Warning(s).

<h2>Software Packages used:</h2>

Package Vendor: ARM
                http://www.keil.com/pack/ARM.CMSIS.4.1.0.pack
                ARM::CMSIS:CORE:3.30.0
                CMSIS (Cortex Microcontroller Software Interface Standard)
   * Component: CORE Version: 3.30.0

<h2>Collection of Component include folders:</h2>
  E:\STM32_cube_project\cube\Encoder_Speed_1\MDK-ARM\RTE
  E:\keil5\ARM\PACK\ARM\CMSIS\4.1.0\CMSIS\Include
  E:\keil5\ARM\PACK\Keil\STM32F1xx_DFP\2.1.0\Device\Include

<h2>Collection of Component Files used:</h2>

   * Component: ARM::CMSIS:CORE:3.30.0
      Source file:   CMSIS\UserCodeTemplates\ARM\ITM_Retarget.c
</pre>
</body>
</html>
