Archive member included to satisfy reference by file (symbol)

d:/gcc-arm-none-eabi-10.3-2021.10/bin/../lib/gcc/arm-none-eabi/10.3.1/thumb/v7-m/nofp\libgcc.a(_arm_mulsf3.o)
                              CMakeFiles/test_halchange.elf.dir/Core/PidPosition/PidPosition.c.obj (__aeabi_fmul)
d:/gcc-arm-none-eabi-10.3-2021.10/bin/../lib/gcc/arm-none-eabi/10.3.1/thumb/v7-m/nofp\libgcc.a(_arm_addsubsf3.o)
                              CMakeFiles/test_halchange.elf.dir/Core/PidPosition/PidPosition.c.obj (__aeabi_fsub)
d:/gcc-arm-none-eabi-10.3-2021.10/bin/../lib/gcc/arm-none-eabi/10.3.1/thumb/v7-m/nofp\libgcc.a(_arm_muldivsf3.o)
                              CMakeFiles/test_halchange.elf.dir/Core/TimControl/TimControl.c.obj (__aeabi_fdiv)
d:/gcc-arm-none-eabi-10.3-2021.10/bin/../lib/gcc/arm-none-eabi/10.3.1/thumb/v7-m/nofp\libgcc.a(_arm_cmpsf2.o)
                              CMakeFiles/test_halchange.elf.dir/Core/PidPosition/PidPosition.c.obj (__aeabi_fcmplt)
d:/gcc-arm-none-eabi-10.3-2021.10/bin/../lib/gcc/arm-none-eabi/10.3.1/thumb/v7-m/nofp\libgcc.a(_arm_fixsfsi.o)
                              CMakeFiles/test_halchange.elf.dir/Core/PidSpeed/PidSpeed.c.obj (__aeabi_f2iz)
d:/gcc-arm-none-eabi-10.3-2021.10/bin/../lib/gcc/arm-none-eabi/10.3.1/../../../../arm-none-eabi/lib/thumb/v7-m/nofp\libg.a(lib_a-errno.o)
                              CMakeFiles/test_halchange.elf.dir/Core/Src/syscalls.c.obj (__errno)
d:/gcc-arm-none-eabi-10.3-2021.10/bin/../lib/gcc/arm-none-eabi/10.3.1/../../../../arm-none-eabi/lib/thumb/v7-m/nofp\libg.a(lib_a-exit.o)
                              d:/gcc-arm-none-eabi-10.3-2021.10/bin/../lib/gcc/arm-none-eabi/10.3.1/../../../../arm-none-eabi/lib/thumb/v7-m/nofp/crt0.o (exit)
d:/gcc-arm-none-eabi-10.3-2021.10/bin/../lib/gcc/arm-none-eabi/10.3.1/../../../../arm-none-eabi/lib/thumb/v7-m/nofp\libg.a(lib_a-impure.o)
                              d:/gcc-arm-none-eabi-10.3-2021.10/bin/../lib/gcc/arm-none-eabi/10.3.1/../../../../arm-none-eabi/lib/thumb/v7-m/nofp\libg.a(lib_a-exit.o) (_global_impure_ptr)
d:/gcc-arm-none-eabi-10.3-2021.10/bin/../lib/gcc/arm-none-eabi/10.3.1/../../../../arm-none-eabi/lib/thumb/v7-m/nofp\libg.a(lib_a-init.o)
                              d:/gcc-arm-none-eabi-10.3-2021.10/bin/../lib/gcc/arm-none-eabi/10.3.1/../../../../arm-none-eabi/lib/thumb/v7-m/nofp/crt0.o (__libc_init_array)
d:/gcc-arm-none-eabi-10.3-2021.10/bin/../lib/gcc/arm-none-eabi/10.3.1/../../../../arm-none-eabi/lib/thumb/v7-m/nofp\libg.a(lib_a-memcpy.o)
                              CMakeFiles/test_halchange.elf.dir/Middlewares/Third_Party/FreeRTOS/Source/queue.c.obj (memcpy)
d:/gcc-arm-none-eabi-10.3-2021.10/bin/../lib/gcc/arm-none-eabi/10.3.1/../../../../arm-none-eabi/lib/thumb/v7-m/nofp\libg.a(lib_a-memset.o)
                              d:/gcc-arm-none-eabi-10.3-2021.10/bin/../lib/gcc/arm-none-eabi/10.3.1/../../../../arm-none-eabi/lib/thumb/v7-m/nofp/crt0.o (memset)
d:/gcc-arm-none-eabi-10.3-2021.10/bin/../lib/gcc/arm-none-eabi/10.3.1/../../../../arm-none-eabi/lib/thumb/v7-m/nofp\libg.a(lib_a-__call_atexit.o)
                              d:/gcc-arm-none-eabi-10.3-2021.10/bin/../lib/gcc/arm-none-eabi/10.3.1/../../../../arm-none-eabi/lib/thumb/v7-m/nofp\libg.a(lib_a-exit.o) (__call_exitprocs)
d:/gcc-arm-none-eabi-10.3-2021.10/bin/../lib/gcc/arm-none-eabi/10.3.1/../../../../arm-none-eabi/lib/thumb/v7-m/nofp\libg.a(lib_a-atexit.o)
                              d:/gcc-arm-none-eabi-10.3-2021.10/bin/../lib/gcc/arm-none-eabi/10.3.1/../../../../arm-none-eabi/lib/thumb/v7-m/nofp\libg.a(lib_a-__call_atexit.o) (atexit)
d:/gcc-arm-none-eabi-10.3-2021.10/bin/../lib/gcc/arm-none-eabi/10.3.1/../../../../arm-none-eabi/lib/thumb/v7-m/nofp\libg.a(lib_a-fini.o)
                              d:/gcc-arm-none-eabi-10.3-2021.10/bin/../lib/gcc/arm-none-eabi/10.3.1/../../../../arm-none-eabi/lib/thumb/v7-m/nofp\libg.a(lib_a-__call_atexit.o) (__libc_fini_array)
d:/gcc-arm-none-eabi-10.3-2021.10/bin/../lib/gcc/arm-none-eabi/10.3.1/../../../../arm-none-eabi/lib/thumb/v7-m/nofp\libg.a(lib_a-lock.o)
                              d:/gcc-arm-none-eabi-10.3-2021.10/bin/../lib/gcc/arm-none-eabi/10.3.1/../../../../arm-none-eabi/lib/thumb/v7-m/nofp\libg.a(lib_a-__call_atexit.o) (__retarget_lock_acquire_recursive)
d:/gcc-arm-none-eabi-10.3-2021.10/bin/../lib/gcc/arm-none-eabi/10.3.1/../../../../arm-none-eabi/lib/thumb/v7-m/nofp\libg.a(lib_a-__atexit.o)
                              d:/gcc-arm-none-eabi-10.3-2021.10/bin/../lib/gcc/arm-none-eabi/10.3.1/../../../../arm-none-eabi/lib/thumb/v7-m/nofp\libg.a(lib_a-atexit.o) (__register_exitproc)

Discarded input sections

 .text          0x00000000        0x0 d:/gcc-arm-none-eabi-10.3-2021.10/bin/../lib/gcc/arm-none-eabi/10.3.1/thumb/v7-m/nofp/crti.o
 .data          0x00000000        0x0 d:/gcc-arm-none-eabi-10.3-2021.10/bin/../lib/gcc/arm-none-eabi/10.3.1/thumb/v7-m/nofp/crti.o
[...]
Memory Configuration

Name             Origin             Length             Attributes
RAM              0x20000000         0x00005000         xrw
FLASH            0x08000000         0x00010000         xr
*default*        0x00000000         0xffffffff

Linker script and memory map

LOAD d:/gcc-arm-none-eabi-10.3-2021.10/bin/../lib/gcc/arm-none-eabi/10.3.1/thumb/v7-m/nofp/crti.o
LOAD d:/gcc-arm-none-eabi-10.3-2021.10/bin/../lib/gcc/arm-none-eabi/10.3.1/thumb/v7-m/nofp/crtbegin.o
LOAD d:/gcc-arm-none-eabi-10.3-2021.10/bin/../lib/gcc/arm-none-eabi/10.3.1/../../../../arm-none-eabi/lib/thumb/v7-m/nofp/crt0.o
LOAD CMakeFiles/test_halchange.elf.dir/Core/PidPosition/PidPosition.c.obj
LOAD CMakeFiles/test_halchange.elf.dir/Core/PidSpeed/PidSpeed.c.obj
LOAD CMakeFiles/test_halchange.elf.dir/Core/Src/freertos.c.obj
LOAD CMakeFiles/test_halchange.elf.dir/Core/Src/gpio.c.obj
LOAD CMakeFiles/test_halchange.elf.dir/Core/Src/main.c.obj
LOAD CMakeFiles/test_halchange.elf.dir/Core/Src/stm32f1xx_hal_msp.c.obj
LOAD CMakeFiles/test_halchange.elf.dir/Core/Src/stm32f1xx_hal_timebase_tim.c.obj
LOAD CMakeFiles/test_halchange.elf.dir/Core/Src/stm32f1xx_it.c.obj
LOAD CMakeFiles/test_halchange.elf.dir/Core/Src/syscalls.c.obj
LOAD CMakeFiles/test_halchange.elf.dir/Core/Src/sysmem.c.obj
LOAD CMakeFiles/test_halchange.elf.dir/Core/Src/system_stm32f1xx.c.obj
LOAD CMakeFiles/test_halchange.elf.dir/Core/Src/tim.c.obj
LOAD CMakeFiles/test_halchange.elf.dir/Core/Src/usart.c.obj
LOAD CMakeFiles/test_halchange.elf.dir/Core/Startup/startup_stm32f103c8tx.s.obj
LOAD CMakeFiles/test_halchange.elf.dir/Core/TimControl/TimControl.c.obj
LOAD CMakeFiles/test_halchange.elf.dir/Drivers/STM32F1xx_HAL_Driver/Src/stm32f1xx_hal.c.obj
LOAD CMakeFiles/test_halchange.elf.dir/Drivers/STM32F1xx_HAL_Driver/Src/stm32f1xx_hal_cortex.c.obj
LOAD CMakeFiles/test_halchange.elf.dir/Drivers/STM32F1xx_HAL_Driver/Src/stm32f1xx_hal_dma.c.obj
LOAD CMakeFiles/test_halchange.elf.dir/Drivers/STM32F1xx_HAL_Driver/Src/stm32f1xx_hal_exti.c.obj
LOAD CMakeFiles/test_halchange.elf.dir/Drivers/STM32F1xx_HAL_Driver/Src/stm32f1xx_hal_flash.c.obj
LOAD CMakeFiles/test_halchange.elf.dir/Drivers/STM32F1xx_HAL_Driver/Src/stm32f1xx_hal_flash_ex.c.obj
LOAD CMakeFiles/test_halchange.elf.dir/Drivers/STM32F1xx_HAL_Driver/Src/stm32f1xx_hal_gpio.c.obj
LOAD CMakeFiles/test_halchange.elf.dir/Drivers/STM32F1xx_HAL_Driver/Src/stm32f1xx_hal_gpio_ex.c.obj
LOAD CMakeFiles/test_halchange.elf.dir/Drivers/STM32F1xx_HAL_Driver/Src/stm32f1xx_hal_pwr.c.obj
LOAD CMakeFiles/test_halchange.elf.dir/Drivers/STM32F1xx_HAL_Driver/Src/stm32f1xx_hal_rcc.c.obj
LOAD CMakeFiles/test_halchange.elf.dir/Drivers/STM32F1xx_HAL_Driver/Src/stm32f1xx_hal_rcc_ex.c.obj
LOAD CMakeFiles/test_halchange.elf.dir/Drivers/STM32F1xx_HAL_Driver/Src/stm32f1xx_hal_tim.c.obj
LOAD CMakeFiles/test_halchange.elf.dir/Drivers/STM32F1xx_HAL_Driver/Src/stm32f1xx_hal_tim_ex.c.obj
LOAD CMakeFiles/test_halchange.elf.dir/Drivers/STM32F1xx_HAL_Driver/Src/stm32f1xx_hal_uart.c.obj
LOAD CMakeFiles/test_halchange.elf.dir/Middlewares/Third_Party/FreeRTOS/Source/CMSIS_RTOS/cmsis_os.c.obj
LOAD CMakeFiles/test_halchange.elf.dir/Middlewares/Third_Party/FreeRTOS/Source/croutine.c.obj
LOAD CMakeFiles/test_halchange.elf.dir/Middlewares/Third_Party/FreeRTOS/Source/event_groups.c.obj
LOAD CMakeFiles/test_halchange.elf.dir/Middlewares/Third_Party/FreeRTOS/Source/list.c.obj
LOAD CMakeFiles/test_halchange.elf.dir/Middlewares/Third_Party/FreeRTOS/Source/portable/GCC/ARM_CM3/port.c.obj
LOAD CMakeFiles/test_halchange.elf.dir/Middlewares/Third_Party/FreeRTOS/Source/portable/MemMang/heap_4.c.obj
LOAD CMakeFiles/test_halchange.elf.dir/Middlewares/Third_Party/FreeRTOS/Source/queue.c.obj
LOAD CMakeFiles/test_halchange.elf.dir/Middlewares/Third_Party/FreeRTOS/Source/stream_buffer.c.obj
LOAD CMakeFiles/test_halchange.elf.dir/Middlewares/Third_Party/FreeRTOS/Source/tasks.c.obj
LOAD CMakeFiles/test_halchange.elf.dir/Middlewares/Third_Party/FreeRTOS/Source/timers.c.obj
START GROUP
LOAD d:/gcc-arm-none-eabi-10.3-2021.10/bin/../lib/gcc/arm-none-eabi/10.3.1/thumb/v7-m/nofp\libgcc.a
LOAD d:/gcc-arm-none-eabi-10.3-2021.10/bin/../lib/gcc/arm-none-eabi/10.3.1/../../../../arm-none-eabi/lib/thumb/v7-m/nofp\libg.a
LOAD d:/gcc-arm-none-eabi-10.3-2021.10/bin/../lib/gcc/arm-none-eabi/10.3.1/../../../../arm-none-eabi/lib/thumb/v7-m/nofp\libc.a
END GROUP
LOAD d:/gcc-arm-none-eabi-10.3-2021.10/bin/../lib/gcc/arm-none-eabi/10.3.1/thumb/v7-m/nofp/crtend.o
LOAD d:/gcc-arm-none-eabi-10.3-2021.10/bin/../lib/gcc/arm-none-eabi/10.3.1/thumb/v7-m/nofp/crtn.o
                0x20005000                _estack = (ORIGIN (RAM) + LENGTH (RAM))
                0x00000200                _Min_Heap_Size = 0x200
                0x00000400                _Min_Stack_Size = 0x400

.isr_vector     0x08000000      0x10c
                0x08000000                . = ALIGN (0x4)
 *(.isr_vector)
 .isr_vector    0x08000000      0x10c CMakeFiles/test_halchange.elf.dir/Core/Startup/startup_stm32f103c8tx.s.obj
                0x08000000                g_pfnVectors
                0x0800010c                . = ALIGN (0x4)

.text           0x08000110     0x3848
                0x08000110                . = ALIGN (0x4)
 *(.text)
 .text          0x08000110       0x40 d:/gcc-arm-none-eabi-10.3-2021.10/bin/../lib/gcc/arm-none-eabi/10.3.1/thumb/v7-m/nofp/crtbegin.o
 .text          0x08000150      0x21c d:/gcc-arm-none-eabi-10.3-2021.10/bin/../lib/gcc/arm-none-eabi/10.3.1/thumb/v7-m/nofp\libgcc.a(_arm_addsubsf3.o)
                0x08000150                __aeabi_frsub
                0x08000158                __subsf3
                0x08000158                __aeabi_fsub
                0x0800015c                __aeabi_fadd
                0x0800015c                __addsf3
                0x080002bc                __aeabi_ui2f
                0x080002bc                __floatunsisf
                0x080002c4                __aeabi_i2f
                0x080002c4                __floatsisf
                0x080002e0                __aeabi_ul2f
                0x080002e0                __floatundisf
                0x080002f0                __aeabi_l2f
                0x080002f0                __floatdisf
 .text          0x0800036c      0x2a0 d:/gcc-arm-none-eabi-10.3-2021.10/bin/../lib/gcc/arm-none-eabi/10.3.1/thumb/v7-m/nofp\libgcc.a(_arm_muldivsf3.o)
                0x0800036c                __mulsf3
                0x0800036c                __aeabi_fmul
                0x080004d4                __aeabi_fdiv
                0x080004d4                __divsf3
 .text          0x0800060c       0xec d:/gcc-arm-none-eabi-10.3-2021.10/bin/../lib/gcc/arm-none-eabi/10.3.1/thumb/v7-m/nofp\libgcc.a(_arm_cmpsf2.o)
                0x0800060c                __gesf2
                0x0800060c                __gtsf2
                0x08000614                __lesf2
                0x08000614                __ltsf2
                0x0800061c                __nesf2
                0x0800061c                __eqsf2
                0x0800061c                __cmpsf2
                0x0800067c                __aeabi_cfrcmple
                0x08000684                __aeabi_cfcmpeq
                0x08000684                __aeabi_cfcmple
                0x08000694                __aeabi_fcmpeq
                0x080006a8                __aeabi_fcmplt
                0x080006bc                __aeabi_fcmple
                0x080006d0                __aeabi_fcmpge
                0x080006e4                __aeabi_fcmpgt
 .text          0x080006f8       0x4c d:/gcc-arm-none-eabi-10.3-2021.10/bin/../lib/gcc/arm-none-eabi/10.3.1/thumb/v7-m/nofp\libgcc.a(_arm_fixsfsi.o)
                0x080006f8                __aeabi_f2iz
                0x080006f8                __fixsfsi
 *(.text*)
 .text.PidPosition_PwmGet
                0x08000744       0xa8 CMakeFiles/test_halchange.elf.dir/Core/PidPosition/PidPosition.c.obj
                0x08000744                PidPosition_PwmGet
 .text.Velocity_Restrict
                0x080007ec       0x1c CMakeFiles/test_halchange.elf.dir/Core/PidPosition/PidPosition.c.obj
                0x080007ec                Velocity_Restrict
 .text.PidPosition_Init
                0x08000808       0x40 CMakeFiles/test_halchange.elf.dir/Core/PidPosition/PidPosition.c.obj
                0x08000808                PidPosition_Init
 .text.PidSpeed_PwmGet
                0x08000848       0x58 CMakeFiles/test_halchange.elf.dir/Core/PidSpeed/PidSpeed.c.obj
                0x08000848                PidSpeed_PwmGet
 .text.Pwm_Limit
                0x080008a0       0x18 CMakeFiles/test_halchange.elf.dir/Core/PidSpeed/PidSpeed.c.obj
                0x080008a0                Pwm_Limit
 .text.PidSpeed_Init
                0x080008b8       0x24 CMakeFiles/test_halchange.elf.dir/Core/PidSpeed/PidSpeed.c.obj
                0x080008b8                PidSpeed_Init
 .text.StartDefaultTask
                0x080008dc        0xe CMakeFiles/test_halchange.elf.dir/Core/Src/freertos.c.obj
                0x080008dc                StartDefaultTask
 .text.StartTask02
                0x080008ea        0xe CMakeFiles/test_halchange.elf.dir/Core/Src/freertos.c.obj
                0x080008ea                StartTask02
 .text.vApplicationGetIdleTaskMemory
                0x080008f8       0x18 CMakeFiles/test_halchange.elf.dir/Core/Src/freertos.c.obj
                0x080008f8                vApplicationGetIdleTaskMemory
 .text.MX_FREERTOS_Init
                0x08000910       0x5c CMakeFiles/test_halchange.elf.dir/Core/Src/freertos.c.obj
                0x08000910                MX_FREERTOS_Init
 .text.MX_GPIO_Init
                0x0800096c       0xcc CMakeFiles/test_halchange.elf.dir/Core/Src/gpio.c.obj
                0x0800096c                MX_GPIO_Init
 .text.SystemClock_Config
                0x08000a38       0x54 CMakeFiles/test_halchange.elf.dir/Core/Src/main.c.obj
                0x08000a38                SystemClock_Config
 .text.main     0x08000a8c       0x6c CMakeFiles/test_halchange.elf.dir/Core/Src/main.c.obj
                0x08000a8c                main
 .text.HAL_TIM_PeriodElapsedCallback
                0x08000af8       0x18 CMakeFiles/test_halchange.elf.dir/Core/Src/main.c.obj
                0x08000af8                HAL_TIM_PeriodElapsedCallback
 .text.Error_Handler
                0x08000b10        0x2 CMakeFiles/test_halchange.elf.dir/Core/Src/main.c.obj
                0x08000b10                Error_Handler
 *fill*         0x08000b12        0x2 
 .text.HAL_MspInit
                0x08000b14       0x44 CMakeFiles/test_halchange.elf.dir/Core/Src/stm32f1xx_hal_msp.c.obj
                0x08000b14                HAL_MspInit
 .text.HAL_InitTick
                0x08000b58       0x7c CMakeFiles/test_halchange.elf.dir/Core/Src/stm32f1xx_hal_timebase_tim.c.obj
                0x08000b58                HAL_InitTick
 .text.NMI_Handler
                0x08000bd4        0x2 CMakeFiles/test_halchange.elf.dir/Core/Src/stm32f1xx_it.c.obj
                0x08000bd4                NMI_Handler
 .text.HardFault_Handler
                0x08000bd6        0x2 CMakeFiles/test_halchange.elf.dir/Core/Src/stm32f1xx_it.c.obj
                0x08000bd6                HardFault_Handler
 .text.MemManage_Handler
                0x08000bd8        0x2 CMakeFiles/test_halchange.elf.dir/Core/Src/stm32f1xx_it.c.obj
                0x08000bd8                MemManage_Handler
 .text.BusFault_Handler
                0x08000bda        0x2 CMakeFiles/test_halchange.elf.dir/Core/Src/stm32f1xx_it.c.obj
                0x08000bda                BusFault_Handler
 .text.UsageFault_Handler
                0x08000bdc        0x2 CMakeFiles/test_halchange.elf.dir/Core/Src/stm32f1xx_it.c.obj
                0x08000bdc                UsageFault_Handler
 .text.DebugMon_Handler
                0x08000bde        0x2 CMakeFiles/test_halchange.elf.dir/Core/Src/stm32f1xx_it.c.obj
                0x08000bde                DebugMon_Handler
 .text.TIM2_IRQHandler
                0x08000be0       0x10 CMakeFiles/test_halchange.elf.dir/Core/Src/stm32f1xx_it.c.obj
                0x08000be0                TIM2_IRQHandler
 .text.TIM3_IRQHandler
                0x08000bf0       0x10 CMakeFiles/test_halchange.elf.dir/Core/Src/stm32f1xx_it.c.obj
                0x08000bf0                TIM3_IRQHandler
 .text.TIM4_IRQHandler
                0x08000c00       0x10 CMakeFiles/test_halchange.elf.dir/Core/Src/stm32f1xx_it.c.obj
                0x08000c00                TIM4_IRQHandler
 .text.USART1_IRQHandler
                0x08000c10       0x10 CMakeFiles/test_halchange.elf.dir/Core/Src/stm32f1xx_it.c.obj
                0x08000c10                USART1_IRQHandler
 .text.USART2_IRQHandler
                0x08000c20       0x10 CMakeFiles/test_halchange.elf.dir/Core/Src/stm32f1xx_it.c.obj
                0x08000c20                USART2_IRQHandler
 .text.SystemInit
                0x08000c30        0x2 CMakeFiles/test_halchange.elf.dir/Core/Src/system_stm32f1xx.c.obj
                0x08000c30                SystemInit
 *fill*         0x08000c32        0x2 
 .text.MX_TIM2_Init
                0x08000c34       0x60 CMakeFiles/test_halchange.elf.dir/Core/Src/tim.c.obj
                0x08000c34                MX_TIM2_Init
 .text.MX_TIM4_Init
                0x08000c94       0x70 CMakeFiles/test_halchange.elf.dir/Core/Src/tim.c.obj
                0x08000c94                MX_TIM4_Init
 .text.HAL_TIM_PWM_MspInit
                0x08000d04       0x2c CMakeFiles/test_halchange.elf.dir/Core/Src/tim.c.obj
                0x08000d04                HAL_TIM_PWM_MspInit
 .text.HAL_TIM_Encoder_MspInit
                0x08000d30       0x68 CMakeFiles/test_halchange.elf.dir/Core/Src/tim.c.obj
                0x08000d30                HAL_TIM_Encoder_MspInit
 .text.HAL_TIM_Base_MspInit
                0x08000d98       0x40 CMakeFiles/test_halchange.elf.dir/Core/Src/tim.c.obj
                0x08000d98                HAL_TIM_Base_MspInit
 .text.HAL_TIM_MspPostInit
                0x08000dd8       0x50 CMakeFiles/test_halchange.elf.dir/Core/Src/tim.c.obj
                0x08000dd8                HAL_TIM_MspPostInit
 .text.MX_TIM1_Init
                0x08000e28       0xc8 CMakeFiles/test_halchange.elf.dir/Core/Src/tim.c.obj
                0x08000e28                MX_TIM1_Init
 .text.MX_USART1_UART_Init
                0x08000ef0       0x34 CMakeFiles/test_halchange.elf.dir/Core/Src/usart.c.obj
                0x08000ef0                MX_USART1_UART_Init
 .text.MX_USART2_UART_Init
                0x08000f24       0x34 CMakeFiles/test_halchange.elf.dir/Core/Src/usart.c.obj
                0x08000f24                MX_USART2_UART_Init
 .text.HAL_UART_MspInit
                0x08000f58       0xf4 CMakeFiles/test_halchange.elf.dir/Core/Src/usart.c.obj
                0x08000f58                HAL_UART_MspInit
 .text.Reset_Handler
                0x0800104c       0x48 CMakeFiles/test_halchange.elf.dir/Core/Startup/startup_stm32f103c8tx.s.obj
                0x0800104c                Reset_Handler
 .text.Default_Handler
                0x08001094        0x2 CMakeFiles/test_halchange.elf.dir/Core/Startup/startup_stm32f103c8tx.s.obj
                0x08001094                RTC_Alarm_IRQHandler
                0x08001094                EXTI2_IRQHandler
                0x08001094                TIM1_CC_IRQHandler
                0x08001094                PVD_IRQHandler
                0x08001094                EXTI3_IRQHandler
                0x08001094                EXTI0_IRQHandler
                0x08001094                I2C2_EV_IRQHandler
                0x08001094                ADC1_2_IRQHandler
                0x08001094                SPI1_IRQHandler
                0x08001094                TAMPER_IRQHandler
                0x08001094                DMA1_Channel4_IRQHandler
                0x08001094                USART3_IRQHandler
                0x08001094                RTC_IRQHandler
                0x08001094                DMA1_Channel7_IRQHandler
                0x08001094                CAN1_RX1_IRQHandler
                0x08001094                I2C1_EV_IRQHandler
                0x08001094                DMA1_Channel6_IRQHandler
                0x08001094                RCC_IRQHandler
                0x08001094                TIM1_TRG_COM_IRQHandler
                0x08001094                DMA1_Channel1_IRQHandler
                0x08001094                Default_Handler
                0x08001094                EXTI15_10_IRQHandler
                0x08001094                EXTI9_5_IRQHandler
                0x08001094                SPI2_IRQHandler
                0x08001094                DMA1_Channel5_IRQHandler
                0x08001094                EXTI4_IRQHandler
                0x08001094                USB_LP_CAN1_RX0_IRQHandler
                0x08001094                USB_HP_CAN1_TX_IRQHandler
                0x08001094                DMA1_Channel3_IRQHandler
                0x08001094                TIM1_UP_IRQHandler
                0x08001094                WWDG_IRQHandler
                0x08001094                TIM1_BRK_IRQHandler
                0x08001094                EXTI1_IRQHandler
                0x08001094                I2C2_ER_IRQHandler
                0x08001094                DMA1_Channel2_IRQHandler
                0x08001094                CAN1_SCE_IRQHandler
                0x08001094                FLASH_IRQHandler
                0x08001094                I2C1_ER_IRQHandler
                0x08001094                USBWakeUp_IRQHandler
 *fill*         0x08001096        0x2 
 .text.Car_Control
                0x08001098       0x78 CMakeFiles/test_halchange.elf.dir/Core/TimControl/TimControl.c.obj
                0x08001098                Car_Control
 .text.Encoder_Control
                0x08001110       0x34 CMakeFiles/test_halchange.elf.dir/Core/TimControl/TimControl.c.obj
                0x08001110                Encoder_Control
 .text.HAL_Init
                0x08001144       0x24 CMakeFiles/test_halchange.elf.dir/Drivers/STM32F1xx_HAL_Driver/Src/stm32f1xx_hal.c.obj
                0x08001144                HAL_Init
 .text.HAL_IncTick
                0x08001168       0x18 CMakeFiles/test_halchange.elf.dir/Drivers/STM32F1xx_HAL_Driver/Src/stm32f1xx_hal.c.obj
                0x08001168                HAL_IncTick
 .text.HAL_GetTick
                0x08001180        0xc CMakeFiles/test_halchange.elf.dir/Drivers/STM32F1xx_HAL_Driver/Src/stm32f1xx_hal.c.obj
                0x08001180                HAL_GetTick
 .text.HAL_NVIC_SetPriorityGrouping
                0x0800118c       0x24 CMakeFiles/test_halchange.elf.dir/Drivers/STM32F1xx_HAL_Driver/Src/stm32f1xx_hal_cortex.c.obj
                0x0800118c                HAL_NVIC_SetPriorityGrouping
 .text.HAL_NVIC_SetPriority
                0x080011b0       0x70 CMakeFiles/test_halchange.elf.dir/Drivers/STM32F1xx_HAL_Driver/Src/stm32f1xx_hal_cortex.c.obj
                0x080011b0                HAL_NVIC_SetPriority
 .text.HAL_NVIC_EnableIRQ
                0x08001220       0x1c CMakeFiles/test_halchange.elf.dir/Drivers/STM32F1xx_HAL_Driver/Src/stm32f1xx_hal_cortex.c.obj
                0x08001220                HAL_NVIC_EnableIRQ
 .text.HAL_DMA_Abort
                0x0800123c       0x44 CMakeFiles/test_halchange.elf.dir/Drivers/STM32F1xx_HAL_Driver/Src/stm32f1xx_hal_dma.c.obj
                0x0800123c                HAL_DMA_Abort
 .text.HAL_DMA_Abort_IT
                0x08001280       0x98 CMakeFiles/test_halchange.elf.dir/Drivers/STM32F1xx_HAL_Driver/Src/stm32f1xx_hal_dma.c.obj
                0x08001280                HAL_DMA_Abort_IT
 .text.HAL_GPIO_Init
                0x08001318      0x224 CMakeFiles/test_halchange.elf.dir/Drivers/STM32F1xx_HAL_Driver/Src/stm32f1xx_hal_gpio.c.obj
                0x08001318                HAL_GPIO_Init
 .text.HAL_GPIO_WritePin
                0x0800153c        0xc CMakeFiles/test_halchange.elf.dir/Drivers/STM32F1xx_HAL_Driver/Src/stm32f1xx_hal_gpio.c.obj
                0x0800153c                HAL_GPIO_WritePin
 .text.RCC_Delay
                0x08001548       0x2c CMakeFiles/test_halchange.elf.dir/Drivers/STM32F1xx_HAL_Driver/Src/stm32f1xx_hal_rcc.c.obj
 .text.HAL_RCC_OscConfig
                0x08001574      0x410 CMakeFiles/test_halchange.elf.dir/Drivers/STM32F1xx_HAL_Driver/Src/stm32f1xx_hal_rcc.c.obj
                0x08001574                HAL_RCC_OscConfig
 .text.HAL_RCC_GetSysClockFreq
                0x08001984       0x70 CMakeFiles/test_halchange.elf.dir/Drivers/STM32F1xx_HAL_Driver/Src/stm32f1xx_hal_rcc.c.obj
                0x08001984                HAL_RCC_GetSysClockFreq
 .text.HAL_RCC_ClockConfig
                0x080019f4      0x16c CMakeFiles/test_halchange.elf.dir/Drivers/STM32F1xx_HAL_Driver/Src/stm32f1xx_hal_rcc.c.obj
                0x080019f4                HAL_RCC_ClockConfig
 .text.HAL_RCC_GetHCLKFreq
                0x08001b60        0xc CMakeFiles/test_halchange.elf.dir/Drivers/STM32F1xx_HAL_Driver/Src/stm32f1xx_hal_rcc.c.obj
                0x08001b60                HAL_RCC_GetHCLKFreq
 .text.HAL_RCC_GetPCLK1Freq
                0x08001b6c       0x20 CMakeFiles/test_halchange.elf.dir/Drivers/STM32F1xx_HAL_Driver/Src/stm32f1xx_hal_rcc.c.obj
                0x08001b6c                HAL_RCC_GetPCLK1Freq
 .text.HAL_RCC_GetPCLK2Freq
                0x08001b8c       0x20 CMakeFiles/test_halchange.elf.dir/Drivers/STM32F1xx_HAL_Driver/Src/stm32f1xx_hal_rcc.c.obj
                0x08001b8c                HAL_RCC_GetPCLK2Freq
 .text.HAL_RCC_GetClockConfig
                0x08001bac       0x3c CMakeFiles/test_halchange.elf.dir/Drivers/STM32F1xx_HAL_Driver/Src/stm32f1xx_hal_rcc.c.obj
                0x08001bac                HAL_RCC_GetClockConfig
 .text.TIM_OC1_SetConfig
                0x08001be8       0x5c CMakeFiles/test_halchange.elf.dir/Drivers/STM32F1xx_HAL_Driver/Src/stm32f1xx_hal_tim.c.obj
 .text.TIM_OC3_SetConfig
                0x08001c44       0x64 CMakeFiles/test_halchange.elf.dir/Drivers/STM32F1xx_HAL_Driver/Src/stm32f1xx_hal_tim.c.obj
 .text.TIM_OC4_SetConfig
                0x08001ca8       0x48 CMakeFiles/test_halchange.elf.dir/Drivers/STM32F1xx_HAL_Driver/Src/stm32f1xx_hal_tim.c.obj
 .text.TIM_TI1_ConfigInputStage
                0x08001cf0       0x24 CMakeFiles/test_halchange.elf.dir/Drivers/STM32F1xx_HAL_Driver/Src/stm32f1xx_hal_tim.c.obj
 .text.TIM_TI2_ConfigInputStage
                0x08001d14       0x26 CMakeFiles/test_halchange.elf.dir/Drivers/STM32F1xx_HAL_Driver/Src/stm32f1xx_hal_tim.c.obj
 .text.TIM_ITRx_SetConfig
                0x08001d3a       0x10 CMakeFiles/test_halchange.elf.dir/Drivers/STM32F1xx_HAL_Driver/Src/stm32f1xx_hal_tim.c.obj
 *fill*         0x08001d4a        0x2 
 .text.HAL_TIM_Base_Start_IT
                0x08001d4c       0x68 CMakeFiles/test_halchange.elf.dir/Drivers/STM32F1xx_HAL_Driver/Src/stm32f1xx_hal_tim.c.obj
                0x08001d4c                HAL_TIM_Base_Start_IT
 .text.HAL_TIM_OC_DelayElapsedCallback
                0x08001db4        0x2 CMakeFiles/test_halchange.elf.dir/Drivers/STM32F1xx_HAL_Driver/Src/stm32f1xx_hal_tim.c.obj
                0x08001db4                HAL_TIM_OC_DelayElapsedCallback
 .text.HAL_TIM_IC_CaptureCallback
                0x08001db6        0x2 CMakeFiles/test_halchange.elf.dir/Drivers/STM32F1xx_HAL_Driver/Src/stm32f1xx_hal_tim.c.obj
                0x08001db6                HAL_TIM_IC_CaptureCallback
 .text.HAL_TIM_PWM_PulseFinishedCallback
                0x08001db8        0x2 CMakeFiles/test_halchange.elf.dir/Drivers/STM32F1xx_HAL_Driver/Src/stm32f1xx_hal_tim.c.obj
                0x08001db8                HAL_TIM_PWM_PulseFinishedCallback
 .text.HAL_TIM_TriggerCallback
                0x08001dba        0x2 CMakeFiles/test_halchange.elf.dir/Drivers/STM32F1xx_HAL_Driver/Src/stm32f1xx_hal_tim.c.obj
                0x08001dba                HAL_TIM_TriggerCallback
 .text.HAL_TIM_IRQHandler
                0x08001dbc      0x17a CMakeFiles/test_halchange.elf.dir/Drivers/STM32F1xx_HAL_Driver/Src/stm32f1xx_hal_tim.c.obj
                0x08001dbc                HAL_TIM_IRQHandler
 *fill*         0x08001f36        0x2 
 .text.TIM_Base_SetConfig
                0x08001f38       0x74 CMakeFiles/test_halchange.elf.dir/Drivers/STM32F1xx_HAL_Driver/Src/stm32f1xx_hal_tim.c.obj
                0x08001f38                TIM_Base_SetConfig
 .text.HAL_TIM_Base_Init
                0x08001fac       0x58 CMakeFiles/test_halchange.elf.dir/Drivers/STM32F1xx_HAL_Driver/Src/stm32f1xx_hal_tim.c.obj
                0x08001fac                HAL_TIM_Base_Init
 .text.HAL_TIM_PWM_Init
                0x08002004       0x58 CMakeFiles/test_halchange.elf.dir/Drivers/STM32F1xx_HAL_Driver/Src/stm32f1xx_hal_tim.c.obj
                0x08002004                HAL_TIM_PWM_Init
 .text.HAL_TIM_Encoder_Init
                0x0800205c       0xb8 CMakeFiles/test_halchange.elf.dir/Drivers/STM32F1xx_HAL_Driver/Src/stm32f1xx_hal_tim.c.obj
                0x0800205c                HAL_TIM_Encoder_Init
 .text.TIM_OC2_SetConfig
                0x08002114       0x64 CMakeFiles/test_halchange.elf.dir/Drivers/STM32F1xx_HAL_Driver/Src/stm32f1xx_hal_tim.c.obj
                0x08002114                TIM_OC2_SetConfig
 .text.HAL_TIM_PWM_ConfigChannel
                0x08002178       0xd0 CMakeFiles/test_halchange.elf.dir/Drivers/STM32F1xx_HAL_Driver/Src/stm32f1xx_hal_tim.c.obj
                0x08002178                HAL_TIM_PWM_ConfigChannel
 .text.TIM_ETR_SetConfig
                0x08002248       0x18 CMakeFiles/test_halchange.elf.dir/Drivers/STM32F1xx_HAL_Driver/Src/stm32f1xx_hal_tim.c.obj
                0x08002248                TIM_ETR_SetConfig
 .text.HAL_TIM_ConfigClockSource
                0x08002260       0xda CMakeFiles/test_halchange.elf.dir/Drivers/STM32F1xx_HAL_Driver/Src/stm32f1xx_hal_tim.c.obj
                0x08002260                HAL_TIM_ConfigClockSource
 .text.TIM_CCxChannelCmd
                0x0800233a       0x1e CMakeFiles/test_halchange.elf.dir/Drivers/STM32F1xx_HAL_Driver/Src/stm32f1xx_hal_tim.c.obj
                0x0800233a                TIM_CCxChannelCmd
 .text.HAL_TIM_PWM_Start
                0x08002358       0xdc CMakeFiles/test_halchange.elf.dir/Drivers/STM32F1xx_HAL_Driver/Src/stm32f1xx_hal_tim.c.obj
                0x08002358                HAL_TIM_PWM_Start
 .text.HAL_TIM_Encoder_Start
                0x08002434       0xcc CMakeFiles/test_halchange.elf.dir/Drivers/STM32F1xx_HAL_Driver/Src/stm32f1xx_hal_tim.c.obj
                0x08002434                HAL_TIM_Encoder_Start
 .text.HAL_TIMEx_MasterConfigSynchronization
                0x08002500       0x6c CMakeFiles/test_halchange.elf.dir/Drivers/STM32F1xx_HAL_Driver/Src/stm32f1xx_hal_tim_ex.c.obj
                0x08002500                HAL_TIMEx_MasterConfigSynchronization
 .text.HAL_TIMEx_ConfigBreakDeadTime
                0x0800256c       0x52 CMakeFiles/test_halchange.elf.dir/Drivers/STM32F1xx_HAL_Driver/Src/stm32f1xx_hal_tim_ex.c.obj
                0x0800256c                HAL_TIMEx_ConfigBreakDeadTime
 .text.HAL_TIMEx_CommutCallback
                0x080025be        0x2 CMakeFiles/test_halchange.elf.dir/Drivers/STM32F1xx_HAL_Driver/Src/stm32f1xx_hal_tim_ex.c.obj
                0x080025be                HAL_TIMEx_CommutCallback
 .text.HAL_TIMEx_BreakCallback
                0x080025c0        0x2 CMakeFiles/test_halchange.elf.dir/Drivers/STM32F1xx_HAL_Driver/Src/stm32f1xx_hal_tim_ex.c.obj
                0x080025c0                HAL_TIMEx_BreakCallback
 .text.UART_EndRxTransfer
                0x080025c2       0x32 CMakeFiles/test_halchange.elf.dir/Drivers/STM32F1xx_HAL_Driver/Src/stm32f1xx_hal_uart.c.obj
 .text.UART_Transmit_IT
                0x080025f4       0x60 CMakeFiles/test_halchange.elf.dir/Drivers/STM32F1xx_HAL_Driver/Src/stm32f1xx_hal_uart.c.obj
 .text.UART_SetConfig
                0x08002654       0x94 CMakeFiles/test_halchange.elf.dir/Drivers/STM32F1xx_HAL_Driver/Src/stm32f1xx_hal_uart.c.obj
 .text.HAL_UART_Init
                0x080026e8       0x5e CMakeFiles/test_halchange.elf.dir/Drivers/STM32F1xx_HAL_Driver/Src/stm32f1xx_hal_uart.c.obj
                0x080026e8                HAL_UART_Init
 .text.HAL_UART_TxCpltCallback
                0x08002746        0x2 CMakeFiles/test_halchange.elf.dir/Drivers/STM32F1xx_HAL_Driver/Src/stm32f1xx_hal_uart.c.obj
                0x08002746                HAL_UART_TxCpltCallback
 .text.UART_EndTransmit_IT
                0x08002748       0x1a CMakeFiles/test_halchange.elf.dir/Drivers/STM32F1xx_HAL_Driver/Src/stm32f1xx_hal_uart.c.obj
 .text.HAL_UART_RxCpltCallback
                0x08002762        0x2 CMakeFiles/test_halchange.elf.dir/Drivers/STM32F1xx_HAL_Driver/Src/stm32f1xx_hal_uart.c.obj
                0x08002762                HAL_UART_RxCpltCallback
 .text.HAL_UART_ErrorCallback
                0x08002764        0x2 CMakeFiles/test_halchange.elf.dir/Drivers/STM32F1xx_HAL_Driver/Src/stm32f1xx_hal_uart.c.obj
                0x08002764                HAL_UART_ErrorCallback
 .text.UART_DMAAbortOnError
                0x08002766       0x10 CMakeFiles/test_halchange.elf.dir/Drivers/STM32F1xx_HAL_Driver/Src/stm32f1xx_hal_uart.c.obj
 .text.HAL_UARTEx_RxEventCallback
                0x08002776        0x2 CMakeFiles/test_halchange.elf.dir/Drivers/STM32F1xx_HAL_Driver/Src/stm32f1xx_hal_uart.c.obj
                0x08002776                HAL_UARTEx_RxEventCallback
 .text.UART_Receive_IT
                0x08002778       0xd4 CMakeFiles/test_halchange.elf.dir/Drivers/STM32F1xx_HAL_Driver/Src/stm32f1xx_hal_uart.c.obj
 .text.HAL_UART_IRQHandler
                0x0800284c      0x204 CMakeFiles/test_halchange.elf.dir/Drivers/STM32F1xx_HAL_Driver/Src/stm32f1xx_hal_uart.c.obj
                0x0800284c                HAL_UART_IRQHandler
 .text.makeFreeRtosPriority
                0x08002a50        0xc CMakeFiles/test_halchange.elf.dir/Middlewares/Third_Party/FreeRTOS/Source/CMSIS_RTOS/cmsis_os.c.obj
 .text.osKernelStart
                0x08002a5c        0xa CMakeFiles/test_halchange.elf.dir/Middlewares/Third_Party/FreeRTOS/Source/CMSIS_RTOS/cmsis_os.c.obj
                0x08002a5c                osKernelStart
 .text.osThreadCreate
                0x08002a66       0x6a CMakeFiles/test_halchange.elf.dir/Middlewares/Third_Party/FreeRTOS/Source/CMSIS_RTOS/cmsis_os.c.obj
                0x08002a66                osThreadCreate
 .text.osDelay  0x08002ad0        0xe CMakeFiles/test_halchange.elf.dir/Middlewares/Third_Party/FreeRTOS/Source/CMSIS_RTOS/cmsis_os.c.obj
                0x08002ad0                osDelay
 .text.vListInitialise
                0x08002ade       0x16 CMakeFiles/test_halchange.elf.dir/Middlewares/Third_Party/FreeRTOS/Source/list.c.obj
                0x08002ade                vListInitialise
 .text.vListInitialiseItem
                0x08002af4        0x6 CMakeFiles/test_halchange.elf.dir/Middlewares/Third_Party/FreeRTOS/Source/list.c.obj
                0x08002af4                vListInitialiseItem
 .text.vListInsertEnd
                0x08002afa       0x16 CMakeFiles/test_halchange.elf.dir/Middlewares/Third_Party/FreeRTOS/Source/list.c.obj
                0x08002afa                vListInsertEnd
 .text.vListInsert
                0x08002b10       0x32 CMakeFiles/test_halchange.elf.dir/Middlewares/Third_Party/FreeRTOS/Source/list.c.obj
                0x08002b10                vListInsert
 .text.uxListRemove
                0x08002b42       0x26 CMakeFiles/test_halchange.elf.dir/Middlewares/Third_Party/FreeRTOS/Source/list.c.obj
                0x08002b42                uxListRemove
 .text.prvTaskExitError
                0x08002b68       0x40 CMakeFiles/test_halchange.elf.dir/Middlewares/Third_Party/FreeRTOS/Source/portable/GCC/ARM_CM3/port.c.obj
 .text.prvPortStartFirstTask
                0x08002ba8       0x20 CMakeFiles/test_halchange.elf.dir/Middlewares/Third_Party/FreeRTOS/Source/portable/GCC/ARM_CM3/port.c.obj
 .text.pxPortInitialiseStack
                0x08002bc8       0x24 CMakeFiles/test_halchange.elf.dir/Middlewares/Third_Party/FreeRTOS/Source/portable/GCC/ARM_CM3/port.c.obj
                0x08002bc8                pxPortInitialiseStack
 *fill*         0x08002bec        0x4 
 .text.SVC_Handler
                0x08002bf0       0x24 CMakeFiles/test_halchange.elf.dir/Middlewares/Third_Party/FreeRTOS/Source/portable/GCC/ARM_CM3/port.c.obj
                0x08002bf0                SVC_Handler
 .text.vPortEnterCritical
                0x08002c14       0x44 CMakeFiles/test_halchange.elf.dir/Middlewares/Third_Party/FreeRTOS/Source/portable/GCC/ARM_CM3/port.c.obj
                0x08002c14                vPortEnterCritical
 .text.vPortExitCritical
                0x08002c58       0x2c CMakeFiles/test_halchange.elf.dir/Middlewares/Third_Party/FreeRTOS/Source/portable/GCC/ARM_CM3/port.c.obj
                0x08002c58                vPortExitCritical
 *fill*         0x08002c84        0xc 
 .text.PendSV_Handler
                0x08002c90       0x44 CMakeFiles/test_halchange.elf.dir/Middlewares/Third_Party/FreeRTOS/Source/portable/GCC/ARM_CM3/port.c.obj
                0x08002c90                PendSV_Handler
 .text.SysTick_Handler
                0x08002cd4       0x2c CMakeFiles/test_halchange.elf.dir/Middlewares/Third_Party/FreeRTOS/Source/portable/GCC/ARM_CM3/port.c.obj
                0x08002cd4                SysTick_Handler
 .text.vPortSetupTimerInterrupt
                0x08002d00       0x28 CMakeFiles/test_halchange.elf.dir/Middlewares/Third_Party/FreeRTOS/Source/portable/GCC/ARM_CM3/port.c.obj
                0x08002d00                vPortSetupTimerInterrupt
 .text.xPortStartScheduler
                0x08002d28       0xc0 CMakeFiles/test_halchange.elf.dir/Middlewares/Third_Party/FreeRTOS/Source/portable/GCC/ARM_CM3/port.c.obj
                0x08002d28                xPortStartScheduler
 .text.prvHeapInit
                0x08002de8       0x64 CMakeFiles/test_halchange.elf.dir/Middlewares/Third_Party/FreeRTOS/Source/portable/MemMang/heap_4.c.obj
 .text.prvInsertBlockIntoFreeList
                0x08002e4c       0x60 CMakeFiles/test_halchange.elf.dir/Middlewares/Third_Party/FreeRTOS/Source/portable/MemMang/heap_4.c.obj
 .text.pvPortMalloc
                0x08002eac       0xf0 CMakeFiles/test_halchange.elf.dir/Middlewares/Third_Party/FreeRTOS/Source/portable/MemMang/heap_4.c.obj
                0x08002eac                pvPortMalloc
 .text.vPortFree
                0x08002f9c       0x70 CMakeFiles/test_halchange.elf.dir/Middlewares/Third_Party/FreeRTOS/Source/portable/MemMang/heap_4.c.obj
                0x08002f9c                vPortFree
 .text.prvResetNextTaskUnblockTime
                0x0800300c       0x2c CMakeFiles/test_halchange.elf.dir/Middlewares/Third_Party/FreeRTOS/Source/tasks.c.obj
 .text.prvInitialiseNewTask
                0x08003038       0x94 CMakeFiles/test_halchange.elf.dir/Middlewares/Third_Party/FreeRTOS/Source/tasks.c.obj
 .text.prvInitialiseTaskLists
                0x080030cc       0x68 CMakeFiles/test_halchange.elf.dir/Middlewares/Third_Party/FreeRTOS/Source/tasks.c.obj
 .text.prvAddNewTaskToReadyList
                0x08003134       0xa8 CMakeFiles/test_halchange.elf.dir/Middlewares/Third_Party/FreeRTOS/Source/tasks.c.obj
 .text.prvDeleteTCB
                0x080031dc       0x38 CMakeFiles/test_halchange.elf.dir/Middlewares/Third_Party/FreeRTOS/Source/tasks.c.obj
 .text.prvCheckTasksWaitingTermination
                0x08003214       0x4c CMakeFiles/test_halchange.elf.dir/Middlewares/Third_Party/FreeRTOS/Source/tasks.c.obj
 .text.prvIdleTask
                0x08003260       0x28 CMakeFiles/test_halchange.elf.dir/Middlewares/Third_Party/FreeRTOS/Source/tasks.c.obj
 .text.prvAddCurrentTaskToDelayedList
                0x08003288       0x98 CMakeFiles/test_halchange.elf.dir/Middlewares/Third_Party/FreeRTOS/Source/tasks.c.obj
 .text.xTaskCreateStatic
                0x08003320       0x74 CMakeFiles/test_halchange.elf.dir/Middlewares/Third_Party/FreeRTOS/Source/tasks.c.obj
                0x08003320                xTaskCreateStatic
 .text.xTaskCreate
                0x08003394       0x68 CMakeFiles/test_halchange.elf.dir/Middlewares/Third_Party/FreeRTOS/Source/tasks.c.obj
                0x08003394                xTaskCreate
 .text.vTaskStartScheduler
                0x080033fc       0x74 CMakeFiles/test_halchange.elf.dir/Middlewares/Third_Party/FreeRTOS/Source/tasks.c.obj
                0x080033fc                vTaskStartScheduler
 .text.vTaskSuspendAll
                0x08003470       0x10 CMakeFiles/test_halchange.elf.dir/Middlewares/Third_Party/FreeRTOS/Source/tasks.c.obj
                0x08003470                vTaskSuspendAll
 .text.xTaskIncrementTick
                0x08003480      0x118 CMakeFiles/test_halchange.elf.dir/Middlewares/Third_Party/FreeRTOS/Source/tasks.c.obj
                0x08003480                xTaskIncrementTick
 .text.xTaskResumeAll
                0x08003598       0xf8 CMakeFiles/test_halchange.elf.dir/Middlewares/Third_Party/FreeRTOS/Source/tasks.c.obj
                0x08003598                xTaskResumeAll
 .text.vTaskDelay
                0x08003690       0x4c CMakeFiles/test_halchange.elf.dir/Middlewares/Third_Party/FreeRTOS/Source/tasks.c.obj
                0x08003690                vTaskDelay
 .text.vTaskSwitchContext
                0x080036dc       0x98 CMakeFiles/test_halchange.elf.dir/Middlewares/Third_Party/FreeRTOS/Source/tasks.c.obj
                0x080036dc                vTaskSwitchContext
 .text.__libc_init_array
                0x08003774       0x48 d:/gcc-arm-none-eabi-10.3-2021.10/bin/../lib/gcc/arm-none-eabi/10.3.1/../../../../arm-none-eabi/lib/thumb/v7-m/nofp\libg.a(lib_a-init.o)
                0x08003774                __libc_init_array
 .text.memset   0x080037bc       0xa4 d:/gcc-arm-none-eabi-10.3-2021.10/bin/../lib/gcc/arm-none-eabi/10.3.1/../../../../arm-none-eabi/lib/thumb/v7-m/nofp\libg.a(lib_a-memset.o)
                0x080037bc                memset
 .text.startup.register_fini
                0x08003860       0x14 d:/gcc-arm-none-eabi-10.3-2021.10/bin/../lib/gcc/arm-none-eabi/10.3.1/../../../../arm-none-eabi/lib/thumb/v7-m/nofp\libg.a(lib_a-__call_atexit.o)
 .text.atexit   0x08003874        0xc d:/gcc-arm-none-eabi-10.3-2021.10/bin/../lib/gcc/arm-none-eabi/10.3.1/../../../../arm-none-eabi/lib/thumb/v7-m/nofp\libg.a(lib_a-atexit.o)
                0x08003874                atexit
 .text.__libc_fini_array
                0x08003880       0x2c d:/gcc-arm-none-eabi-10.3-2021.10/bin/../lib/gcc/arm-none-eabi/10.3.1/../../../../arm-none-eabi/lib/thumb/v7-m/nofp\libg.a(lib_a-fini.o)
                0x08003880                __libc_fini_array
 .text.__retarget_lock_acquire_recursive
                0x080038ac        0x4 d:/gcc-arm-none-eabi-10.3-2021.10/bin/../lib/gcc/arm-none-eabi/10.3.1/../../../../arm-none-eabi/lib/thumb/v7-m/nofp\libg.a(lib_a-lock.o)
                0x080038ac                __retarget_lock_acquire_recursive
 .text.__retarget_lock_release_recursive
                0x080038b0        0x4 d:/gcc-arm-none-eabi-10.3-2021.10/bin/../lib/gcc/arm-none-eabi/10.3.1/../../../../arm-none-eabi/lib/thumb/v7-m/nofp\libg.a(lib_a-lock.o)
                0x080038b0                __retarget_lock_release_recursive
 .text.__register_exitproc
                0x080038b4       0x8c d:/gcc-arm-none-eabi-10.3-2021.10/bin/../lib/gcc/arm-none-eabi/10.3.1/../../../../arm-none-eabi/lib/thumb/v7-m/nofp\libg.a(lib_a-__atexit.o)
                0x080038b4                __register_exitproc
 *(.glue_7)
 .glue_7        0x08003940        0x0 linker stubs
 *(.glue_7t)
 .glue_7t       0x08003940        0x0 linker stubs
 *(.eh_frame)
 .eh_frame      0x08003940        0x0 d:/gcc-arm-none-eabi-10.3-2021.10/bin/../lib/gcc/arm-none-eabi/10.3.1/thumb/v7-m/nofp/crtbegin.o
 *(.init)
 .init          0x08003940        0x4 d:/gcc-arm-none-eabi-10.3-2021.10/bin/../lib/gcc/arm-none-eabi/10.3.1/thumb/v7-m/nofp/crti.o
                0x08003940                _init
 .init          0x08003944        0x8 d:/gcc-arm-none-eabi-10.3-2021.10/bin/../lib/gcc/arm-none-eabi/10.3.1/thumb/v7-m/nofp/crtn.o
 *(.fini)
 .fini          0x0800394c        0x4 d:/gcc-arm-none-eabi-10.3-2021.10/bin/../lib/gcc/arm-none-eabi/10.3.1/thumb/v7-m/nofp/crti.o
                0x0800394c                _fini
 .fini          0x08003950        0x8 d:/gcc-arm-none-eabi-10.3-2021.10/bin/../lib/gcc/arm-none-eabi/10.3.1/thumb/v7-m/nofp/crtn.o
                0x08003958                . = ALIGN (0x4)
                0x08003958                _etext = .

.vfp11_veneer   0x08003958        0x0
 .vfp11_veneer  0x08003958        0x0 linker stubs

.v4_bx          0x08003958        0x0
 .v4_bx         0x08003958        0x0 linker stubs

.iplt           0x08003958        0x0
 .iplt          0x08003958        0x0 d:/gcc-arm-none-eabi-10.3-2021.10/bin/../lib/gcc/arm-none-eabi/10.3.1/thumb/v7-m/nofp/crtbegin.o

.rodata         0x08003958       0x80
                0x08003958                . = ALIGN (0x4)
 *(.rodata)
 .rodata        0x08003958       0x38 CMakeFiles/test_halchange.elf.dir/Core/Src/freertos.c.obj
 *(.rodata*)
 .rodata.str1.4
                0x08003990        0xf CMakeFiles/test_halchange.elf.dir/Core/Src/freertos.c.obj
 *fill*         0x0800399f        0x1 
 .rodata.AHBPrescTable
                0x080039a0       0x10 CMakeFiles/test_halchange.elf.dir/Core/Src/system_stm32f1xx.c.obj
                0x080039a0                AHBPrescTable
 .rodata.APBPrescTable
                0x080039b0        0x8 CMakeFiles/test_halchange.elf.dir/Core/Src/system_stm32f1xx.c.obj
                0x080039b0                APBPrescTable
 .rodata.HAL_RCC_GetSysClockFreq.str1.4
                0x080039b8       0x11 CMakeFiles/test_halchange.elf.dir/Drivers/STM32F1xx_HAL_Driver/Src/stm32f1xx_hal_rcc.c.obj
 *fill*         0x080039c9        0x3 
 .rodata.vTaskStartScheduler.str1.4
                0x080039cc        0x5 CMakeFiles/test_halchange.elf.dir/Middlewares/Third_Party/FreeRTOS/Source/tasks.c.obj
 *fill*         0x080039d1        0x3 
 .rodata._global_impure_ptr
                0x080039d4        0x4 d:/gcc-arm-none-eabi-10.3-2021.10/bin/../lib/gcc/arm-none-eabi/10.3.1/../../../../arm-none-eabi/lib/thumb/v7-m/nofp\libg.a(lib_a-impure.o)
                0x080039d4                _global_impure_ptr
                0x080039d8                . = ALIGN (0x4)

.rel.dyn        0x080039d8        0x0
 .rel.iplt      0x080039d8        0x0 d:/gcc-arm-none-eabi-10.3-2021.10/bin/../lib/gcc/arm-none-eabi/10.3.1/thumb/v7-m/nofp/crtbegin.o

.ARM.extab      0x080039d8        0x0
                0x080039d8                . = ALIGN (0x4)
 *(.ARM.extab* .gnu.linkonce.armextab.*)
                0x080039d8                . = ALIGN (0x4)

.ARM            0x080039d8        0x0
                0x080039d8                . = ALIGN (0x4)
                0x080039d8                __exidx_start = .
 *(.ARM.exidx*)
                0x080039d8                __exidx_end = .
                0x080039d8                . = ALIGN (0x4)

.preinit_array  0x080039d8        0x0
                0x080039d8                . = ALIGN (0x4)
                0x080039d8                PROVIDE (__preinit_array_start = .)
 *(.preinit_array*)
                0x080039d8                PROVIDE (__preinit_array_end = .)
                0x080039d8                . = ALIGN (0x4)

.init_array     0x080039d8        0x8
                0x080039d8                . = ALIGN (0x4)
                0x080039d8                PROVIDE (__init_array_start = .)
 *(SORT_BY_NAME(.init_array.*))
 .init_array.00000
                0x080039d8        0x4 d:/gcc-arm-none-eabi-10.3-2021.10/bin/../lib/gcc/arm-none-eabi/10.3.1/../../../../arm-none-eabi/lib/thumb/v7-m/nofp\libg.a(lib_a-__call_atexit.o)
 *(.init_array*)
 .init_array    0x080039dc        0x4 d:/gcc-arm-none-eabi-10.3-2021.10/bin/../lib/gcc/arm-none-eabi/10.3.1/thumb/v7-m/nofp/crtbegin.o
                0x080039e0                PROVIDE (__init_array_end = .)
                0x080039e0                . = ALIGN (0x4)

.fini_array     0x080039e0        0x4
                0x080039e0                . = ALIGN (0x4)
                0x080039e0                PROVIDE (__fini_array_start = .)
 *(SORT_BY_NAME(.fini_array.*))
 *(.fini_array*)
 .fini_array    0x080039e0        0x4 d:/gcc-arm-none-eabi-10.3-2021.10/bin/../lib/gcc/arm-none-eabi/10.3.1/thumb/v7-m/nofp/crtbegin.o
                0x080039e4                PROVIDE (__fini_array_end = .)
                0x080039e4                . = ALIGN (0x4)
                0x080039e4                _sidata = LOADADDR (.data)

.data           0x20000000      0x444 load address 0x080039e4
                0x20000000                . = ALIGN (0x4)
                0x20000000                _sdata = .
 *(.data)
 *(.data*)
 .data.speed_ki
                0x20000000        0x4 CMakeFiles/test_halchange.elf.dir/Core/PidSpeed/PidSpeed.c.obj
                0x20000000                speed_ki
 .data.speed_kp
                0x20000004        0x4 CMakeFiles/test_halchange.elf.dir/Core/PidSpeed/PidSpeed.c.obj
                0x20000004                speed_kp
 .data.SystemCoreClock
                0x20000008        0x4 CMakeFiles/test_halchange.elf.dir/Core/Src/system_stm32f1xx.c.obj
                0x20000008                SystemCoreClock
 .data.uwTickFreq
                0x2000000c        0x1 CMakeFiles/test_halchange.elf.dir/Drivers/STM32F1xx_HAL_Driver/Src/stm32f1xx_hal.c.obj
                0x2000000c                uwTickFreq
 *fill*         0x2000000d        0x3 
 .data.uwTickPrio
                0x20000010        0x4 CMakeFiles/test_halchange.elf.dir/Drivers/STM32F1xx_HAL_Driver/Src/stm32f1xx_hal.c.obj
                0x20000010                uwTickPrio
 .data.uxCriticalNesting
                0x20000014        0x4 CMakeFiles/test_halchange.elf.dir/Middlewares/Third_Party/FreeRTOS/Source/portable/GCC/ARM_CM3/port.c.obj
 .data.impure_data
                0x20000018      0x428 d:/gcc-arm-none-eabi-10.3-2021.10/bin/../lib/gcc/arm-none-eabi/10.3.1/../../../../arm-none-eabi/lib/thumb/v7-m/nofp\libg.a(lib_a-impure.o)
 .data.__atexit_recursive_mutex
                0x20000440        0x4 d:/gcc-arm-none-eabi-10.3-2021.10/bin/../lib/gcc/arm-none-eabi/10.3.1/../../../../arm-none-eabi/lib/thumb/v7-m/nofp\libg.a(lib_a-__call_atexit.o)
                0x20000440                __atexit_recursive_mutex
                0x20000444                . = ALIGN (0x4)
                0x20000444                _edata = .

.igot.plt       0x20000444        0x0 load address 0x08003e28
 .igot.plt      0x20000444        0x0 d:/gcc-arm-none-eabi-10.3-2021.10/bin/../lib/gcc/arm-none-eabi/10.3.1/thumb/v7-m/nofp/crtbegin.o
                0x20000444                . = ALIGN (0x4)

.bss            0x20000444     0x11a4 load address 0x08003e28
                0x20000444                _sbss = .
                0x20000444                __bss_start__ = _sbss
 *(.bss)
 .bss           0x20000444       0x1c d:/gcc-arm-none-eabi-10.3-2021.10/bin/../lib/gcc/arm-none-eabi/10.3.1/thumb/v7-m/nofp/crtbegin.o
 *(.bss*)
 .bss.CurrentPosition
                0x20000460        0x4 CMakeFiles/test_halchange.elf.dir/Core/PidPosition/PidPosition.c.obj
                0x20000460                CurrentPosition
 .bss.circle    0x20000464        0x4 CMakeFiles/test_halchange.elf.dir/Core/PidPosition/PidPosition.c.obj
                0x20000464                circle
 .bss.integral_bias.1
                0x20000468        0x4 CMakeFiles/test_halchange.elf.dir/Core/PidPosition/PidPosition.c.obj
 .bss.last_bias.0
                0x2000046c        0x4 CMakeFiles/test_halchange.elf.dir/Core/PidPosition/PidPosition.c.obj
 .bss.position_kd
                0x20000470        0x4 CMakeFiles/test_halchange.elf.dir/Core/PidPosition/PidPosition.c.obj
                0x20000470                position_kd
 .bss.position_ki
                0x20000474        0x4 CMakeFiles/test_halchange.elf.dir/Core/PidPosition/PidPosition.c.obj
                0x20000474                position_ki
 .bss.position_kp
                0x20000478        0x4 CMakeFiles/test_halchange.elf.dir/Core/PidPosition/PidPosition.c.obj
                0x20000478                position_kp
 .bss.PwmOut.1  0x2000047c        0x4 CMakeFiles/test_halchange.elf.dir/Core/PidSpeed/PidSpeed.c.obj
 .bss.last_bias.0
                0x20000480        0x4 CMakeFiles/test_halchange.elf.dir/Core/PidSpeed/PidSpeed.c.obj
 .bss.Task01Handle
                0x20000484        0x4 CMakeFiles/test_halchange.elf.dir/Core/Src/freertos.c.obj
                0x20000484                Task01Handle
 .bss.Task02Handle
                0x20000488        0x4 CMakeFiles/test_halchange.elf.dir/Core/Src/freertos.c.obj
                0x20000488                Task02Handle
 .bss.xIdleStack
                0x2000048c      0x200 CMakeFiles/test_halchange.elf.dir/Core/Src/freertos.c.obj
 .bss.xIdleTaskTCBBuffer
                0x2000068c       0x54 CMakeFiles/test_halchange.elf.dir/Core/Src/freertos.c.obj
 .bss.MotorSpeed_B
                0x200006e0        0x4 CMakeFiles/test_halchange.elf.dir/Core/Src/main.c.obj
                0x200006e0                MotorSpeed_B
 .bss.Pwm       0x200006e4        0x4 CMakeFiles/test_halchange.elf.dir/Core/Src/main.c.obj
                0x200006e4                Pwm
 .bss.PwmOut    0x200006e8        0x4 CMakeFiles/test_halchange.elf.dir/Core/Src/main.c.obj
                0x200006e8                PwmOut
 .bss.htim3     0x200006ec       0x48 CMakeFiles/test_halchange.elf.dir/Core/Src/stm32f1xx_hal_timebase_tim.c.obj
                0x200006ec                htim3
 .bss.htim1     0x20000734       0x48 CMakeFiles/test_halchange.elf.dir/Core/Src/tim.c.obj
                0x20000734                htim1
 .bss.htim2     0x2000077c       0x48 CMakeFiles/test_halchange.elf.dir/Core/Src/tim.c.obj
                0x2000077c                htim2
 .bss.htim4     0x200007c4       0x48 CMakeFiles/test_halchange.elf.dir/Core/Src/tim.c.obj
                0x200007c4                htim4
 .bss.huart1    0x2000080c       0x44 CMakeFiles/test_halchange.elf.dir/Core/Src/usart.c.obj
                0x2000080c                huart1
 .bss.huart2    0x20000850       0x44 CMakeFiles/test_halchange.elf.dir/Core/Src/usart.c.obj
                0x20000850                huart2
 .bss.uwTick    0x20000894        0x4 CMakeFiles/test_halchange.elf.dir/Drivers/STM32F1xx_HAL_Driver/Src/stm32f1xx_hal.c.obj
                0x20000894                uwTick
 .bss.ucMaxSysCallPriority
                0x20000898        0x1 CMakeFiles/test_halchange.elf.dir/Middlewares/Third_Party/FreeRTOS/Source/portable/GCC/ARM_CM3/port.c.obj
 *fill*         0x20000899        0x3 
 .bss.ulMaxPRIGROUPValue
                0x2000089c        0x4 CMakeFiles/test_halchange.elf.dir/Middlewares/Third_Party/FreeRTOS/Source/portable/GCC/ARM_CM3/port.c.obj
 .bss.pxEnd     0x200008a0        0x4 CMakeFiles/test_halchange.elf.dir/Middlewares/Third_Party/FreeRTOS/Source/portable/MemMang/heap_4.c.obj
 .bss.ucHeap    0x200008a4      0xc00 CMakeFiles/test_halchange.elf.dir/Middlewares/Third_Party/FreeRTOS/Source/portable/MemMang/heap_4.c.obj
 .bss.xBlockAllocatedBit
                0x200014a4        0x4 CMakeFiles/test_halchange.elf.dir/Middlewares/Third_Party/FreeRTOS/Source/portable/MemMang/heap_4.c.obj
 .bss.xFreeBytesRemaining
                0x200014a8        0x4 CMakeFiles/test_halchange.elf.dir/Middlewares/Third_Party/FreeRTOS/Source/portable/MemMang/heap_4.c.obj
 .bss.xMinimumEverFreeBytesRemaining
                0x200014ac        0x4 CMakeFiles/test_halchange.elf.dir/Middlewares/Third_Party/FreeRTOS/Source/portable/MemMang/heap_4.c.obj
 .bss.xStart    0x200014b0        0x8 CMakeFiles/test_halchange.elf.dir/Middlewares/Third_Party/FreeRTOS/Source/portable/MemMang/heap_4.c.obj
 .bss.pxCurrentTCB
                0x200014b8        0x4 CMakeFiles/test_halchange.elf.dir/Middlewares/Third_Party/FreeRTOS/Source/tasks.c.obj
                0x200014b8                pxCurrentTCB
 .bss.pxDelayedTaskList
                0x200014bc        0x4 CMakeFiles/test_halchange.elf.dir/Middlewares/Third_Party/FreeRTOS/Source/tasks.c.obj
 .bss.pxOverflowDelayedTaskList
                0x200014c0        0x4 CMakeFiles/test_halchange.elf.dir/Middlewares/Third_Party/FreeRTOS/Source/tasks.c.obj
 .bss.pxReadyTasksLists
                0x200014c4       0x8c CMakeFiles/test_halchange.elf.dir/Middlewares/Third_Party/FreeRTOS/Source/tasks.c.obj
 .bss.uxCurrentNumberOfTasks
                0x20001550        0x4 CMakeFiles/test_halchange.elf.dir/Middlewares/Third_Party/FreeRTOS/Source/tasks.c.obj
 .bss.uxDeletedTasksWaitingCleanUp
                0x20001554        0x4 CMakeFiles/test_halchange.elf.dir/Middlewares/Third_Party/FreeRTOS/Source/tasks.c.obj
 .bss.uxPendedTicks
                0x20001558        0x4 CMakeFiles/test_halchange.elf.dir/Middlewares/Third_Party/FreeRTOS/Source/tasks.c.obj
 .bss.uxSchedulerSuspended
                0x2000155c        0x4 CMakeFiles/test_halchange.elf.dir/Middlewares/Third_Party/FreeRTOS/Source/tasks.c.obj
 .bss.uxTaskNumber
                0x20001560        0x4 CMakeFiles/test_halchange.elf.dir/Middlewares/Third_Party/FreeRTOS/Source/tasks.c.obj
 .bss.uxTopReadyPriority
                0x20001564        0x4 CMakeFiles/test_halchange.elf.dir/Middlewares/Third_Party/FreeRTOS/Source/tasks.c.obj
 .bss.xDelayedTaskList1
                0x20001568       0x14 CMakeFiles/test_halchange.elf.dir/Middlewares/Third_Party/FreeRTOS/Source/tasks.c.obj
 .bss.xDelayedTaskList2
                0x2000157c       0x14 CMakeFiles/test_halchange.elf.dir/Middlewares/Third_Party/FreeRTOS/Source/tasks.c.obj
 .bss.xIdleTaskHandle
                0x20001590        0x4 CMakeFiles/test_halchange.elf.dir/Middlewares/Third_Party/FreeRTOS/Source/tasks.c.obj
 .bss.xNextTaskUnblockTime
                0x20001594        0x4 CMakeFiles/test_halchange.elf.dir/Middlewares/Third_Party/FreeRTOS/Source/tasks.c.obj
 .bss.xNumOfOverflows
                0x20001598        0x4 CMakeFiles/test_halchange.elf.dir/Middlewares/Third_Party/FreeRTOS/Source/tasks.c.obj
 .bss.xPendingReadyList
                0x2000159c       0x14 CMakeFiles/test_halchange.elf.dir/Middlewares/Third_Party/FreeRTOS/Source/tasks.c.obj
 .bss.xSchedulerRunning
                0x200015b0        0x4 CMakeFiles/test_halchange.elf.dir/Middlewares/Third_Party/FreeRTOS/Source/tasks.c.obj
 .bss.xSuspendedTaskList
                0x200015b4       0x14 CMakeFiles/test_halchange.elf.dir/Middlewares/Third_Party/FreeRTOS/Source/tasks.c.obj
 .bss.xTasksWaitingTermination
                0x200015c8       0x14 CMakeFiles/test_halchange.elf.dir/Middlewares/Third_Party/FreeRTOS/Source/tasks.c.obj
 .bss.xTickCount
                0x200015dc        0x4 CMakeFiles/test_halchange.elf.dir/Middlewares/Third_Party/FreeRTOS/Source/tasks.c.obj
 .bss.xYieldPending
                0x200015e0        0x4 CMakeFiles/test_halchange.elf.dir/Middlewares/Third_Party/FreeRTOS/Source/tasks.c.obj
 .bss.__lock___atexit_recursive_mutex
                0x200015e4        0x1 d:/gcc-arm-none-eabi-10.3-2021.10/bin/../lib/gcc/arm-none-eabi/10.3.1/../../../../arm-none-eabi/lib/thumb/v7-m/nofp\libg.a(lib_a-lock.o)
                0x200015e4                __lock___atexit_recursive_mutex
 *(COMMON)
                0x200015e8                . = ALIGN (0x4)
 *fill*         0x200015e5        0x3 
                0x200015e8                _ebss = .
                0x200015e8                __bss_end__ = _ebss

._user_heap_stack
                0x200015e8      0x600 load address 0x08003e28
                0x200015e8                . = ALIGN (0x8)
                [!provide]                PROVIDE (end = .)
                0x200015e8                PROVIDE (_end = .)
                0x200017e8                . = (. + _Min_Heap_Size)
 *fill*         0x200015e8      0x200 
                0x20001be8                . = (. + _Min_Stack_Size)
 *fill*         0x200017e8      0x400 
                0x20001be8                . = ALIGN (0x8)

/DISCARD/
 libc.a(*)
 libm.a(*)
 libgcc.a(*)

.ARM.attributes
                0x00000000       0x29
 *(.ARM.attributes)
 .ARM.attributes
                0x00000000       0x1d d:/gcc-arm-none-eabi-10.3-2021.10/bin/../lib/gcc/arm-none-eabi/10.3.1/thumb/v7-m/nofp/crti.o
 .ARM.attributes
                0x0000001d       0x2d d:/gcc-arm-none-eabi-10.3-2021.10/bin/../lib/gcc/arm-none-eabi/10.3.1/thumb/v7-m/nofp/crtbegin.o
 .ARM.attributes
                0x0000004a       0x2d CMakeFiles/test_halchange.elf.dir/Core/PidPosition/PidPosition.c.obj
 .ARM.attributes
                0x00000077       0x2d CMakeFiles/test_halchange.elf.dir/Core/PidSpeed/PidSpeed.c.obj
 .ARM.attributes
                0x000000a4       0x2d CMakeFiles/test_halchange.elf.dir/Core/Src/freertos.c.obj
 .ARM.attributes
                0x000000d1       0x2d CMakeFiles/test_halchange.elf.dir/Core/Src/gpio.c.obj
 .ARM.attributes
                0x000000fe       0x2d CMakeFiles/test_halchange.elf.dir/Core/Src/main.c.obj
 .ARM.attributes
                0x0000012b       0x2d CMakeFiles/test_halchange.elf.dir/Core/Src/stm32f1xx_hal_msp.c.obj
 .ARM.attributes
                0x00000158       0x2d CMakeFiles/test_halchange.elf.dir/Core/Src/stm32f1xx_hal_timebase_tim.c.obj
 .ARM.attributes
                0x00000185       0x2d CMakeFiles/test_halchange.elf.dir/Core/Src/stm32f1xx_it.c.obj
 .ARM.attributes
                0x000001b2       0x2d CMakeFiles/test_halchange.elf.dir/Core/Src/system_stm32f1xx.c.obj
 .ARM.attributes
                0x000001df       0x2d CMakeFiles/test_halchange.elf.dir/Core/Src/tim.c.obj
 .ARM.attributes
                0x0000020c       0x2d CMakeFiles/test_halchange.elf.dir/Core/Src/usart.c.obj
 .ARM.attributes
                0x00000239       0x21 CMakeFiles/test_halchange.elf.dir/Core/Startup/startup_stm32f103c8tx.s.obj
 .ARM.attributes
                0x0000025a       0x2d CMakeFiles/test_halchange.elf.dir/Core/TimControl/TimControl.c.obj
 .ARM.attributes
                0x00000287       0x2d CMakeFiles/test_halchange.elf.dir/Drivers/STM32F1xx_HAL_Driver/Src/stm32f1xx_hal.c.obj
 .ARM.attributes
                0x000002b4       0x2d CMakeFiles/test_halchange.elf.dir/Drivers/STM32F1xx_HAL_Driver/Src/stm32f1xx_hal_cortex.c.obj
 .ARM.attributes
                0x000002e1       0x2d CMakeFiles/test_halchange.elf.dir/Drivers/STM32F1xx_HAL_Driver/Src/stm32f1xx_hal_dma.c.obj
 .ARM.attributes
                0x0000030e       0x2d CMakeFiles/test_halchange.elf.dir/Drivers/STM32F1xx_HAL_Driver/Src/stm32f1xx_hal_gpio.c.obj
 .ARM.attributes
                0x0000033b       0x2d CMakeFiles/test_halchange.elf.dir/Drivers/STM32F1xx_HAL_Driver/Src/stm32f1xx_hal_rcc.c.obj
 .ARM.attributes
                0x00000368       0x2d CMakeFiles/test_halchange.elf.dir/Drivers/STM32F1xx_HAL_Driver/Src/stm32f1xx_hal_tim.c.obj
 .ARM.attributes
                0x00000395       0x2d CMakeFiles/test_halchange.elf.dir/Drivers/STM32F1xx_HAL_Driver/Src/stm32f1xx_hal_tim_ex.c.obj
 .ARM.attributes
                0x000003c2       0x2d CMakeFiles/test_halchange.elf.dir/Drivers/STM32F1xx_HAL_Driver/Src/stm32f1xx_hal_uart.c.obj
 .ARM.attributes
                0x000003ef       0x2d CMakeFiles/test_halchange.elf.dir/Middlewares/Third_Party/FreeRTOS/Source/CMSIS_RTOS/cmsis_os.c.obj
 .ARM.attributes
                0x0000041c       0x2d CMakeFiles/test_halchange.elf.dir/Middlewares/Third_Party/FreeRTOS/Source/list.c.obj
 .ARM.attributes
                0x00000449       0x2d CMakeFiles/test_halchange.elf.dir/Middlewares/Third_Party/FreeRTOS/Source/portable/GCC/ARM_CM3/port.c.obj
 .ARM.attributes
                0x00000476       0x2d CMakeFiles/test_halchange.elf.dir/Middlewares/Third_Party/FreeRTOS/Source/portable/MemMang/heap_4.c.obj
 .ARM.attributes
                0x000004a3       0x2d CMakeFiles/test_halchange.elf.dir/Middlewares/Third_Party/FreeRTOS/Source/tasks.c.obj
 .ARM.attributes
                0x000004d0       0x1d d:/gcc-arm-none-eabi-10.3-2021.10/bin/../lib/gcc/arm-none-eabi/10.3.1/thumb/v7-m/nofp\libgcc.a(_arm_addsubsf3.o)
 .ARM.attributes
                0x000004ed       0x1d d:/gcc-arm-none-eabi-10.3-2021.10/bin/../lib/gcc/arm-none-eabi/10.3.1/thumb/v7-m/nofp\libgcc.a(_arm_muldivsf3.o)
 .ARM.attributes
                0x0000050a       0x1d d:/gcc-arm-none-eabi-10.3-2021.10/bin/../lib/gcc/arm-none-eabi/10.3.1/thumb/v7-m/nofp\libgcc.a(_arm_cmpsf2.o)
 .ARM.attributes
                0x00000527       0x1d d:/gcc-arm-none-eabi-10.3-2021.10/bin/../lib/gcc/arm-none-eabi/10.3.1/thumb/v7-m/nofp\libgcc.a(_arm_fixsfsi.o)
 .ARM.attributes
                0x00000544       0x2d d:/gcc-arm-none-eabi-10.3-2021.10/bin/../lib/gcc/arm-none-eabi/10.3.1/../../../../arm-none-eabi/lib/thumb/v7-m/nofp\libg.a(lib_a-impure.o)
 .ARM.attributes
                0x00000571       0x2d d:/gcc-arm-none-eabi-10.3-2021.10/bin/../lib/gcc/arm-none-eabi/10.3.1/../../../../arm-none-eabi/lib/thumb/v7-m/nofp\libg.a(lib_a-init.o)
 .ARM.attributes
                0x0000059e       0x2d d:/gcc-arm-none-eabi-10.3-2021.10/bin/../lib/gcc/arm-none-eabi/10.3.1/../../../../arm-none-eabi/lib/thumb/v7-m/nofp\libg.a(lib_a-memset.o)
 .ARM.attributes
                0x000005cb       0x2d d:/gcc-arm-none-eabi-10.3-2021.10/bin/../lib/gcc/arm-none-eabi/10.3.1/../../../../arm-none-eabi/lib/thumb/v7-m/nofp\libg.a(lib_a-__call_atexit.o)
 .ARM.attributes
                0x000005f8       0x2d d:/gcc-arm-none-eabi-10.3-2021.10/bin/../lib/gcc/arm-none-eabi/10.3.1/../../../../arm-none-eabi/lib/thumb/v7-m/nofp\libg.a(lib_a-atexit.o)
 .ARM.attributes
                0x00000625       0x2d d:/gcc-arm-none-eabi-10.3-2021.10/bin/../lib/gcc/arm-none-eabi/10.3.1/../../../../arm-none-eabi/lib/thumb/v7-m/nofp\libg.a(lib_a-fini.o)
 .ARM.attributes
                0x00000652       0x2d d:/gcc-arm-none-eabi-10.3-2021.10/bin/../lib/gcc/arm-none-eabi/10.3.1/../../../../arm-none-eabi/lib/thumb/v7-m/nofp\libg.a(lib_a-lock.o)
 .ARM.attributes
                0x0000067f       0x2d d:/gcc-arm-none-eabi-10.3-2021.10/bin/../lib/gcc/arm-none-eabi/10.3.1/../../../../arm-none-eabi/lib/thumb/v7-m/nofp\libg.a(lib_a-__atexit.o)
 .ARM.attributes
                0x000006ac       0x1d d:/gcc-arm-none-eabi-10.3-2021.10/bin/../lib/gcc/arm-none-eabi/10.3.1/thumb/v7-m/nofp/crtn.o
OUTPUT(test_halchange.elf elf32-littlearm)
LOAD linker stubs
LOAD d:/gcc-arm-none-eabi-10.3-2021.10/bin/../lib/gcc/arm-none-eabi/10.3.1/../../../../arm-none-eabi/lib/thumb/v7-m/nofp\libc.a
LOAD d:/gcc-arm-none-eabi-10.3-2021.10/bin/../lib/gcc/arm-none-eabi/10.3.1/../../../../arm-none-eabi/lib/thumb/v7-m/nofp\libm.a
LOAD d:/gcc-arm-none-eabi-10.3-2021.10/bin/../lib/gcc/arm-none-eabi/10.3.1/thumb/v7-m/nofp\libgcc.a

.debug_info     0x00000000    0x15c35
 .debug_info    0x00000000      0x23e CMakeFiles/test_halchange.elf.dir/Core/PidPosition/PidPosition.c.obj
 .debug_info    0x0000023e      0xa7c CMakeFiles/test_halchange.elf.dir/Core/PidSpeed/PidSpeed.c.obj
 .debug_info    0x00000cba      0x4fd CMakeFiles/test_halchange.elf.dir/Core/Src/freertos.c.obj
 .debug_info    0x000011b7      0x366 CMakeFiles/test_halchange.elf.dir/Core/Src/gpio.c.obj
 .debug_info    0x0000151d     0x144b CMakeFiles/test_halchange.elf.dir/Core/Src/main.c.obj
 .debug_info    0x00002968      0x211 CMakeFiles/test_halchange.elf.dir/Core/Src/stm32f1xx_hal_msp.c.obj
 .debug_info    0x00002b79      0xa0d CMakeFiles/test_halchange.elf.dir/Core/Src/stm32f1xx_hal_timebase_tim.c.obj
 .debug_info    0x00003586      0x9ce CMakeFiles/test_halchange.elf.dir/Core/Src/stm32f1xx_it.c.obj
 .debug_info    0x00003f54      0x248 CMakeFiles/test_halchange.elf.dir/Core/Src/system_stm32f1xx.c.obj
 .debug_info    0x0000419c     0x110c CMakeFiles/test_halchange.elf.dir/Core/Src/tim.c.obj
 .debug_info    0x000052a8      0xb00 CMakeFiles/test_halchange.elf.dir/Core/Src/usart.c.obj
 .debug_info    0x00005da8       0x22 CMakeFiles/test_halchange.elf.dir/Core/Startup/startup_stm32f103c8tx.s.obj
 .debug_info    0x00005dca      0x83c CMakeFiles/test_halchange.elf.dir/Core/TimControl/TimControl.c.obj
 .debug_info    0x00006606      0x7a8 CMakeFiles/test_halchange.elf.dir/Drivers/STM32F1xx_HAL_Driver/Src/stm32f1xx_hal.c.obj
 .debug_info    0x00006dae      0xd8a CMakeFiles/test_halchange.elf.dir/Drivers/STM32F1xx_HAL_Driver/Src/stm32f1xx_hal_cortex.c.obj
 .debug_info    0x00007b38      0x846 CMakeFiles/test_halchange.elf.dir/Drivers/STM32F1xx_HAL_Driver/Src/stm32f1xx_hal_dma.c.obj
 .debug_info    0x0000837e      0x66f CMakeFiles/test_halchange.elf.dir/Drivers/STM32F1xx_HAL_Driver/Src/stm32f1xx_hal_gpio.c.obj
 .debug_info    0x000089ed      0xa36 CMakeFiles/test_halchange.elf.dir/Drivers/STM32F1xx_HAL_Driver/Src/stm32f1xx_hal_rcc.c.obj
 .debug_info    0x00009423     0x3b00 CMakeFiles/test_halchange.elf.dir/Drivers/STM32F1xx_HAL_Driver/Src/stm32f1xx_hal_tim.c.obj
 .debug_info    0x0000cf23     0x19e9 CMakeFiles/test_halchange.elf.dir/Drivers/STM32F1xx_HAL_Driver/Src/stm32f1xx_hal_tim_ex.c.obj
 .debug_info    0x0000e90c     0x1c8b CMakeFiles/test_halchange.elf.dir/Drivers/STM32F1xx_HAL_Driver/Src/stm32f1xx_hal_uart.c.obj
 .debug_info    0x00010597     0x220a CMakeFiles/test_halchange.elf.dir/Middlewares/Third_Party/FreeRTOS/Source/CMSIS_RTOS/cmsis_os.c.obj
 .debug_info    0x000127a1      0x2da CMakeFiles/test_halchange.elf.dir/Middlewares/Third_Party/FreeRTOS/Source/list.c.obj
 .debug_info    0x00012a7b      0x52b CMakeFiles/test_halchange.elf.dir/Middlewares/Third_Party/FreeRTOS/Source/portable/GCC/ARM_CM3/port.c.obj
 .debug_info    0x00012fa6      0x471 CMakeFiles/test_halchange.elf.dir/Middlewares/Third_Party/FreeRTOS/Source/portable/MemMang/heap_4.c.obj
 .debug_info    0x00013417     0x281e CMakeFiles/test_halchange.elf.dir/Middlewares/Third_Party/FreeRTOS/Source/tasks.c.obj

.debug_abbrev   0x00000000     0x32b6
 .debug_abbrev  0x00000000       0xd7 CMakeFiles/test_halchange.elf.dir/Core/PidPosition/PidPosition.c.obj
 .debug_abbrev  0x000000d7      0x20e CMakeFiles/test_halchange.elf.dir/Core/PidSpeed/PidSpeed.c.obj
 .debug_abbrev  0x000002e5      0x187 CMakeFiles/test_halchange.elf.dir/Core/Src/freertos.c.obj
 .debug_abbrev  0x0000046c      0x13c CMakeFiles/test_halchange.elf.dir/Core/Src/gpio.c.obj
 .debug_abbrev  0x000005a8      0x311 CMakeFiles/test_halchange.elf.dir/Core/Src/main.c.obj
 .debug_abbrev  0x000008b9       0xe5 CMakeFiles/test_halchange.elf.dir/Core/Src/stm32f1xx_hal_msp.c.obj
 .debug_abbrev  0x0000099e      0x1ec CMakeFiles/test_halchange.elf.dir/Core/Src/stm32f1xx_hal_timebase_tim.c.obj
 .debug_abbrev  0x00000b8a      0x179 CMakeFiles/test_halchange.elf.dir/Core/Src/stm32f1xx_it.c.obj
 .debug_abbrev  0x00000d03      0x13e CMakeFiles/test_halchange.elf.dir/Core/Src/system_stm32f1xx.c.obj
 .debug_abbrev  0x00000e41      0x24a CMakeFiles/test_halchange.elf.dir/Core/Src/tim.c.obj
 .debug_abbrev  0x0000108b      0x1ca CMakeFiles/test_halchange.elf.dir/Core/Src/usart.c.obj
 .debug_abbrev  0x00001255       0x12 CMakeFiles/test_halchange.elf.dir/Core/Startup/startup_stm32f103c8tx.s.obj
 .debug_abbrev  0x00001267      0x1a3 CMakeFiles/test_halchange.elf.dir/Core/TimControl/TimControl.c.obj
 .debug_abbrev  0x0000140a      0x1f4 CMakeFiles/test_halchange.elf.dir/Drivers/STM32F1xx_HAL_Driver/Src/stm32f1xx_hal.c.obj
 .debug_abbrev  0x000015fe      0x341 CMakeFiles/test_halchange.elf.dir/Drivers/STM32F1xx_HAL_Driver/Src/stm32f1xx_hal_cortex.c.obj
 .debug_abbrev  0x0000193f      0x223 CMakeFiles/test_halchange.elf.dir/Drivers/STM32F1xx_HAL_Driver/Src/stm32f1xx_hal_dma.c.obj
 .debug_abbrev  0x00001b62      0x1e6 CMakeFiles/test_halchange.elf.dir/Drivers/STM32F1xx_HAL_Driver/Src/stm32f1xx_hal_gpio.c.obj
 .debug_abbrev  0x00001d48      0x27a CMakeFiles/test_halchange.elf.dir/Drivers/STM32F1xx_HAL_Driver/Src/stm32f1xx_hal_rcc.c.obj
 .debug_abbrev  0x00001fc2      0x23e CMakeFiles/test_halchange.elf.dir/Drivers/STM32F1xx_HAL_Driver/Src/stm32f1xx_hal_tim.c.obj
 .debug_abbrev  0x00002200      0x241 CMakeFiles/test_halchange.elf.dir/Drivers/STM32F1xx_HAL_Driver/Src/stm32f1xx_hal_tim_ex.c.obj
 .debug_abbrev  0x00002441      0x254 CMakeFiles/test_halchange.elf.dir/Drivers/STM32F1xx_HAL_Driver/Src/stm32f1xx_hal_uart.c.obj
 .debug_abbrev  0x00002695      0x352 CMakeFiles/test_halchange.elf.dir/Middlewares/Third_Party/FreeRTOS/Source/CMSIS_RTOS/cmsis_os.c.obj
 .debug_abbrev  0x000029e7      0x106 CMakeFiles/test_halchange.elf.dir/Middlewares/Third_Party/FreeRTOS/Source/list.c.obj
 .debug_abbrev  0x00002aed      0x27e CMakeFiles/test_halchange.elf.dir/Middlewares/Third_Party/FreeRTOS/Source/portable/GCC/ARM_CM3/port.c.obj
 .debug_abbrev  0x00002d6b      0x238 CMakeFiles/test_halchange.elf.dir/Middlewares/Third_Party/FreeRTOS/Source/portable/MemMang/heap_4.c.obj
 .debug_abbrev  0x00002fa3      0x313 CMakeFiles/test_halchange.elf.dir/Middlewares/Third_Party/FreeRTOS/Source/tasks.c.obj

.debug_loc      0x00000000     0xd9b8
 .debug_loc     0x00000000       0x7f CMakeFiles/test_halchange.elf.dir/Core/PidPosition/PidPosition.c.obj
 .debug_loc     0x0000007f      0x1d8 CMakeFiles/test_halchange.elf.dir/Core/PidSpeed/PidSpeed.c.obj
 .debug_loc     0x00000257       0x4a CMakeFiles/test_halchange.elf.dir/Core/Src/freertos.c.obj
 .debug_loc     0x000002a1       0x6c CMakeFiles/test_halchange.elf.dir/Core/Src/main.c.obj
 .debug_loc     0x0000030d       0x15 CMakeFiles/test_halchange.elf.dir/Core/Src/stm32f1xx_hal_msp.c.obj
 .debug_loc     0x00000322       0x89 CMakeFiles/test_halchange.elf.dir/Core/Src/stm32f1xx_hal_timebase_tim.c.obj
 .debug_loc     0x000003ab       0xff CMakeFiles/test_halchange.elf.dir/Core/Src/system_stm32f1xx.c.obj
 .debug_loc     0x000004aa      0x12d CMakeFiles/test_halchange.elf.dir/Core/Src/tim.c.obj
 .debug_loc     0x000005d7       0xbe CMakeFiles/test_halchange.elf.dir/Core/Src/usart.c.obj
 .debug_loc     0x00000695      0x141 CMakeFiles/test_halchange.elf.dir/Drivers/STM32F1xx_HAL_Driver/Src/stm32f1xx_hal.c.obj
 .debug_loc     0x000007d6      0x71f CMakeFiles/test_halchange.elf.dir/Drivers/STM32F1xx_HAL_Driver/Src/stm32f1xx_hal_cortex.c.obj
 .debug_loc     0x00000ef5      0x7d1 CMakeFiles/test_halchange.elf.dir/Drivers/STM32F1xx_HAL_Driver/Src/stm32f1xx_hal_dma.c.obj
 .debug_loc     0x000016c6      0x47d CMakeFiles/test_halchange.elf.dir/Drivers/STM32F1xx_HAL_Driver/Src/stm32f1xx_hal_gpio.c.obj
 .debug_loc     0x00001b43      0x63e CMakeFiles/test_halchange.elf.dir/Drivers/STM32F1xx_HAL_Driver/Src/stm32f1xx_hal_rcc.c.obj
 .debug_loc     0x00002181     0x47a8 CMakeFiles/test_halchange.elf.dir/Drivers/STM32F1xx_HAL_Driver/Src/stm32f1xx_hal_tim.c.obj
 .debug_loc     0x00006929     0x1ade CMakeFiles/test_halchange.elf.dir/Drivers/STM32F1xx_HAL_Driver/Src/stm32f1xx_hal_tim_ex.c.obj
 .debug_loc     0x00008407     0x2037 CMakeFiles/test_halchange.elf.dir/Drivers/STM32F1xx_HAL_Driver/Src/stm32f1xx_hal_uart.c.obj
 .debug_loc     0x0000a43e     0x12e6 CMakeFiles/test_halchange.elf.dir/Middlewares/Third_Party/FreeRTOS/Source/CMSIS_RTOS/cmsis_os.c.obj
 .debug_loc     0x0000b724       0xad CMakeFiles/test_halchange.elf.dir/Middlewares/Third_Party/FreeRTOS/Source/list.c.obj
 .debug_loc     0x0000b7d1       0xe8 CMakeFiles/test_halchange.elf.dir/Middlewares/Third_Party/FreeRTOS/Source/portable/GCC/ARM_CM3/port.c.obj
 .debug_loc     0x0000b8b9      0x331 CMakeFiles/test_halchange.elf.dir/Middlewares/Third_Party/FreeRTOS/Source/portable/MemMang/heap_4.c.obj
 .debug_loc     0x0000bbea     0x1dce CMakeFiles/test_halchange.elf.dir/Middlewares/Third_Party/FreeRTOS/Source/tasks.c.obj

.debug_aranges  0x00000000     0x1170
 .debug_aranges
                0x00000000       0x30 CMakeFiles/test_halchange.elf.dir/Core/PidPosition/PidPosition.c.obj
 .debug_aranges
                0x00000030       0x38 CMakeFiles/test_halchange.elf.dir/Core/PidSpeed/PidSpeed.c.obj
 .debug_aranges
                0x00000068       0x38 CMakeFiles/test_halchange.elf.dir/Core/Src/freertos.c.obj
 .debug_aranges
                0x000000a0       0x20 CMakeFiles/test_halchange.elf.dir/Core/Src/gpio.c.obj
 .debug_aranges
                0x000000c0       0x40 CMakeFiles/test_halchange.elf.dir/Core/Src/main.c.obj
 .debug_aranges
                0x00000100       0x20 CMakeFiles/test_halchange.elf.dir/Core/Src/stm32f1xx_hal_msp.c.obj
 .debug_aranges
                0x00000120       0x30 CMakeFiles/test_halchange.elf.dir/Core/Src/stm32f1xx_hal_timebase_tim.c.obj
 .debug_aranges
                0x00000150       0x70 CMakeFiles/test_halchange.elf.dir/Core/Src/stm32f1xx_it.c.obj
 .debug_aranges
                0x000001c0       0x28 CMakeFiles/test_halchange.elf.dir/Core/Src/system_stm32f1xx.c.obj
 .debug_aranges
                0x000001e8       0x68 CMakeFiles/test_halchange.elf.dir/Core/Src/tim.c.obj
 .debug_aranges
                0x00000250       0x38 CMakeFiles/test_halchange.elf.dir/Core/Src/usart.c.obj
 .debug_aranges
                0x00000288       0x28 CMakeFiles/test_halchange.elf.dir/Core/Startup/startup_stm32f103c8tx.s.obj
 .debug_aranges
                0x000002b0       0x28 CMakeFiles/test_halchange.elf.dir/Core/TimControl/TimControl.c.obj
 .debug_aranges
                0x000002d8       0xe0 CMakeFiles/test_halchange.elf.dir/Drivers/STM32F1xx_HAL_Driver/Src/stm32f1xx_hal.c.obj
 .debug_aranges
                0x000003b8       0x90 CMakeFiles/test_halchange.elf.dir/Drivers/STM32F1xx_HAL_Driver/Src/stm32f1xx_hal_cortex.c.obj
 .debug_aranges
                0x00000448       0x80 CMakeFiles/test_halchange.elf.dir/Drivers/STM32F1xx_HAL_Driver/Src/stm32f1xx_hal_dma.c.obj
 .debug_aranges
                0x000004c8       0x58 CMakeFiles/test_halchange.elf.dir/Drivers/STM32F1xx_HAL_Driver/Src/stm32f1xx_hal_gpio.c.obj
 .debug_aranges
                0x00000520       0x90 CMakeFiles/test_halchange.elf.dir/Drivers/STM32F1xx_HAL_Driver/Src/stm32f1xx_hal_rcc.c.obj
 .debug_aranges
                0x000005b0      0x3d0 CMakeFiles/test_halchange.elf.dir/Drivers/STM32F1xx_HAL_Driver/Src/stm32f1xx_hal_tim.c.obj
 .debug_aranges
                0x00000980      0x168 CMakeFiles/test_halchange.elf.dir/Drivers/STM32F1xx_HAL_Driver/Src/stm32f1xx_hal_tim_ex.c.obj
 .debug_aranges
                0x00000ae8      0x200 CMakeFiles/test_halchange.elf.dir/Drivers/STM32F1xx_HAL_Driver/Src/stm32f1xx_hal_uart.c.obj
 .debug_aranges
                0x00000ce8      0x1d8 CMakeFiles/test_halchange.elf.dir/Middlewares/Third_Party/FreeRTOS/Source/CMSIS_RTOS/cmsis_os.c.obj
 .debug_aranges
                0x00000ec0       0x40 CMakeFiles/test_halchange.elf.dir/Middlewares/Third_Party/FreeRTOS/Source/list.c.obj
 .debug_aranges
                0x00000f00       0x78 CMakeFiles/test_halchange.elf.dir/Middlewares/Third_Party/FreeRTOS/Source/portable/GCC/ARM_CM3/port.c.obj
 .debug_aranges
                0x00000f78       0x50 CMakeFiles/test_halchange.elf.dir/Middlewares/Third_Party/FreeRTOS/Source/portable/MemMang/heap_4.c.obj
 .debug_aranges
                0x00000fc8      0x1a8 CMakeFiles/test_halchange.elf.dir/Middlewares/Third_Party/FreeRTOS/Source/tasks.c.obj

.debug_ranges   0x00000000     0x1128
 .debug_ranges  0x00000000       0x20 CMakeFiles/test_halchange.elf.dir/Core/PidPosition/PidPosition.c.obj
 .debug_ranges  0x00000020       0x28 CMakeFiles/test_halchange.elf.dir/Core/PidSpeed/PidSpeed.c.obj
 .debug_ranges  0x00000048       0x28 CMakeFiles/test_halchange.elf.dir/Core/Src/freertos.c.obj
 .debug_ranges  0x00000070       0x10 CMakeFiles/test_halchange.elf.dir/Core/Src/gpio.c.obj
 .debug_ranges  0x00000080       0x30 CMakeFiles/test_halchange.elf.dir/Core/Src/main.c.obj
 .debug_ranges  0x000000b0       0x10 CMakeFiles/test_halchange.elf.dir/Core/Src/stm32f1xx_hal_msp.c.obj
 .debug_ranges  0x000000c0       0x20 CMakeFiles/test_halchange.elf.dir/Core/Src/stm32f1xx_hal_timebase_tim.c.obj
 .debug_ranges  0x000000e0       0x60 CMakeFiles/test_halchange.elf.dir/Core/Src/stm32f1xx_it.c.obj
 .debug_ranges  0x00000140       0x18 CMakeFiles/test_halchange.elf.dir/Core/Src/system_stm32f1xx.c.obj
 .debug_ranges  0x00000158       0x58 CMakeFiles/test_halchange.elf.dir/Core/Src/tim.c.obj
 .debug_ranges  0x000001b0       0x28 CMakeFiles/test_halchange.elf.dir/Core/Src/usart.c.obj
 .debug_ranges  0x000001d8       0x20 CMakeFiles/test_halchange.elf.dir/Core/Startup/startup_stm32f103c8tx.s.obj
 .debug_ranges  0x000001f8       0x18 CMakeFiles/test_halchange.elf.dir/Core/TimControl/TimControl.c.obj
 .debug_ranges  0x00000210       0xd0 CMakeFiles/test_halchange.elf.dir/Drivers/STM32F1xx_HAL_Driver/Src/stm32f1xx_hal.c.obj
 .debug_ranges  0x000002e0       0xe0 CMakeFiles/test_halchange.elf.dir/Drivers/STM32F1xx_HAL_Driver/Src/stm32f1xx_hal_cortex.c.obj
 .debug_ranges  0x000003c0       0x70 CMakeFiles/test_halchange.elf.dir/Drivers/STM32F1xx_HAL_Driver/Src/stm32f1xx_hal_dma.c.obj
 .debug_ranges  0x00000430       0x48 CMakeFiles/test_halchange.elf.dir/Drivers/STM32F1xx_HAL_Driver/Src/stm32f1xx_hal_gpio.c.obj
 .debug_ranges  0x00000478       0xa0 CMakeFiles/test_halchange.elf.dir/Drivers/STM32F1xx_HAL_Driver/Src/stm32f1xx_hal_rcc.c.obj
 .debug_ranges  0x00000518      0x3c0 CMakeFiles/test_halchange.elf.dir/Drivers/STM32F1xx_HAL_Driver/Src/stm32f1xx_hal_tim.c.obj
 .debug_ranges  0x000008d8      0x158 CMakeFiles/test_halchange.elf.dir/Drivers/STM32F1xx_HAL_Driver/Src/stm32f1xx_hal_tim_ex.c.obj
 .debug_ranges  0x00000a30      0x1f0 CMakeFiles/test_halchange.elf.dir/Drivers/STM32F1xx_HAL_Driver/Src/stm32f1xx_hal_uart.c.obj
 .debug_ranges  0x00000c20      0x1c8 CMakeFiles/test_halchange.elf.dir/Middlewares/Third_Party/FreeRTOS/Source/CMSIS_RTOS/cmsis_os.c.obj
 .debug_ranges  0x00000de8       0x30 CMakeFiles/test_halchange.elf.dir/Middlewares/Third_Party/FreeRTOS/Source/list.c.obj
 .debug_ranges  0x00000e18       0x68 CMakeFiles/test_halchange.elf.dir/Middlewares/Third_Party/FreeRTOS/Source/portable/GCC/ARM_CM3/port.c.obj
 .debug_ranges  0x00000e80       0x40 CMakeFiles/test_halchange.elf.dir/Middlewares/Third_Party/FreeRTOS/Source/portable/MemMang/heap_4.c.obj
 .debug_ranges  0x00000ec0      0x268 CMakeFiles/test_halchange.elf.dir/Middlewares/Third_Party/FreeRTOS/Source/tasks.c.obj

.debug_line     0x00000000    0x11c4a
 .debug_line    0x00000000      0x15f CMakeFiles/test_halchange.elf.dir/Core/PidPosition/PidPosition.c.obj
 .debug_line    0x0000015f      0x38b CMakeFiles/test_halchange.elf.dir/Core/PidSpeed/PidSpeed.c.obj
 .debug_line    0x000004ea      0x355 CMakeFiles/test_halchange.elf.dir/Core/Src/freertos.c.obj
 .debug_line    0x0000083f      0x256 CMakeFiles/test_halchange.elf.dir/Core/Src/gpio.c.obj
 .debug_line    0x00000a95      0x5d6 CMakeFiles/test_halchange.elf.dir/Core/Src/main.c.obj
 .debug_line    0x0000106b      0x195 CMakeFiles/test_halchange.elf.dir/Core/Src/stm32f1xx_hal_msp.c.obj
 .debug_line    0x00001200      0x2e4 CMakeFiles/test_halchange.elf.dir/Core/Src/stm32f1xx_hal_timebase_tim.c.obj
 .debug_line    0x000014e4      0x346 CMakeFiles/test_halchange.elf.dir/Core/Src/stm32f1xx_it.c.obj
 .debug_line    0x0000182a      0x25e CMakeFiles/test_halchange.elf.dir/Core/Src/system_stm32f1xx.c.obj
 .debug_line    0x00001a88      0x687 CMakeFiles/test_halchange.elf.dir/Core/Src/tim.c.obj
 .debug_line    0x0000210f      0x444 CMakeFiles/test_halchange.elf.dir/Core/Src/usart.c.obj
 .debug_line    0x00002553       0xaf CMakeFiles/test_halchange.elf.dir/Core/Startup/startup_stm32f103c8tx.s.obj
 .debug_line    0x00002602      0x373 CMakeFiles/test_halchange.elf.dir/Core/TimControl/TimControl.c.obj
 .debug_line    0x00002975      0x59c CMakeFiles/test_halchange.elf.dir/Drivers/STM32F1xx_HAL_Driver/Src/stm32f1xx_hal.c.obj
 .debug_line    0x00002f11      0x67c CMakeFiles/test_halchange.elf.dir/Drivers/STM32F1xx_HAL_Driver/Src/stm32f1xx_hal_cortex.c.obj
 .debug_line    0x0000358d      0xa96 CMakeFiles/test_halchange.elf.dir/Drivers/STM32F1xx_HAL_Driver/Src/stm32f1xx_hal_dma.c.obj
 .debug_line    0x00004023      0x626 CMakeFiles/test_halchange.elf.dir/Drivers/STM32F1xx_HAL_Driver/Src/stm32f1xx_hal_gpio.c.obj
 .debug_line    0x00004649      0xc6f CMakeFiles/test_halchange.elf.dir/Drivers/STM32F1xx_HAL_Driver/Src/stm32f1xx_hal_rcc.c.obj
 .debug_line    0x000052b8     0x46a1 CMakeFiles/test_halchange.elf.dir/Drivers/STM32F1xx_HAL_Driver/Src/stm32f1xx_hal_tim.c.obj
 .debug_line    0x00009959     0x1ba1 CMakeFiles/test_halchange.elf.dir/Drivers/STM32F1xx_HAL_Driver/Src/stm32f1xx_hal_tim_ex.c.obj
 .debug_line    0x0000b4fa     0x20fe CMakeFiles/test_halchange.elf.dir/Drivers/STM32F1xx_HAL_Driver/Src/stm32f1xx_hal_uart.c.obj
 .debug_line    0x0000d5f8     0x1213 CMakeFiles/test_halchange.elf.dir/Middlewares/Third_Party/FreeRTOS/Source/CMSIS_RTOS/cmsis_os.c.obj
 .debug_line    0x0000e80b      0x3b7 CMakeFiles/test_halchange.elf.dir/Middlewares/Third_Party/FreeRTOS/Source/list.c.obj
 .debug_line    0x0000ebc2      0x668 CMakeFiles/test_halchange.elf.dir/Middlewares/Third_Party/FreeRTOS/Source/portable/GCC/ARM_CM3/port.c.obj
 .debug_line    0x0000f22a      0x6a2 CMakeFiles/test_halchange.elf.dir/Middlewares/Third_Party/FreeRTOS/Source/portable/MemMang/heap_4.c.obj
 .debug_line    0x0000f8cc     0x237e CMakeFiles/test_halchange.elf.dir/Middlewares/Third_Party/FreeRTOS/Source/tasks.c.obj

.debug_str      0x00000000     0x5daa
 .debug_str     0x00000000      0x2ab CMakeFiles/test_halchange.elf.dir/Core/PidPosition/PidPosition.c.obj
                                0x2f2 (size before relaxing)
 .debug_str     0x000002ab      0x584 CMakeFiles/test_halchange.elf.dir/Core/PidSpeed/PidSpeed.c.obj
                                0x7db (size before relaxing)
 .debug_str     0x0000082f      0x333 CMakeFiles/test_halchange.elf.dir/Core/Src/freertos.c.obj
                                0x534 (size before relaxing)
 .debug_str     0x00000b62       0xc2 CMakeFiles/test_halchange.elf.dir/Core/Src/gpio.c.obj
                                0x2cb (size before relaxing)
 .debug_str     0x00000c24      0x6a7 CMakeFiles/test_halchange.elf.dir/Core/Src/main.c.obj
                                0xd99 (size before relaxing)
 .debug_str     0x000012cb       0x82 CMakeFiles/test_halchange.elf.dir/Core/Src/stm32f1xx_hal_msp.c.obj
                                0x26d (size before relaxing)
 .debug_str     0x0000134d      0x40d CMakeFiles/test_halchange.elf.dir/Core/Src/stm32f1xx_hal_timebase_tim.c.obj
                                0xb3e (size before relaxing)
 .debug_str     0x0000175a      0x2e0 CMakeFiles/test_halchange.elf.dir/Core/Src/stm32f1xx_it.c.obj
                                0x997 (size before relaxing)
 .debug_str     0x00001a3a       0xa6 CMakeFiles/test_halchange.elf.dir/Core/Src/system_stm32f1xx.c.obj
                                0x2a2 (size before relaxing)
 .debug_str     0x00001ae0      0x3f3 CMakeFiles/test_halchange.elf.dir/Core/Src/tim.c.obj
                                0xea0 (size before relaxing)
 .debug_str     0x00001ed3       0x79 CMakeFiles/test_halchange.elf.dir/Core/Src/usart.c.obj
                                0xa12 (size before relaxing)
 .debug_str     0x00001f4c       0x5e CMakeFiles/test_halchange.elf.dir/Core/Startup/startup_stm32f103c8tx.s.obj
                                 0x9b (size before relaxing)
 .debug_str     0x00001faa       0x55 CMakeFiles/test_halchange.elf.dir/Core/TimControl/TimControl.c.obj
                                0x7ca (size before relaxing)
 .debug_str     0x00001fff      0x2eb CMakeFiles/test_halchange.elf.dir/Drivers/STM32F1xx_HAL_Driver/Src/stm32f1xx_hal.c.obj
                                0x872 (size before relaxing)
 .debug_str     0x000022ea      0x3bd CMakeFiles/test_halchange.elf.dir/Drivers/STM32F1xx_HAL_Driver/Src/stm32f1xx_hal_cortex.c.obj
                                0x921 (size before relaxing)
 .debug_str     0x000026a7      0x267 CMakeFiles/test_halchange.elf.dir/Drivers/STM32F1xx_HAL_Driver/Src/stm32f1xx_hal_dma.c.obj
                                0x64b (size before relaxing)
 .debug_str     0x0000290e      0x13d CMakeFiles/test_halchange.elf.dir/Drivers/STM32F1xx_HAL_Driver/Src/stm32f1xx_hal_gpio.c.obj
                                0x44e (size before relaxing)
 .debug_str     0x00002a4b      0x1e6 CMakeFiles/test_halchange.elf.dir/Drivers/STM32F1xx_HAL_Driver/Src/stm32f1xx_hal_rcc.c.obj
                                0x679 (size before relaxing)
 .debug_str     0x00002c31      0xc8b CMakeFiles/test_halchange.elf.dir/Drivers/STM32F1xx_HAL_Driver/Src/stm32f1xx_hal_tim.c.obj
                               0x1686 (size before relaxing)
 .debug_str     0x000038bc      0x49a CMakeFiles/test_halchange.elf.dir/Drivers/STM32F1xx_HAL_Driver/Src/stm32f1xx_hal_tim_ex.c.obj
                                0xe87 (size before relaxing)
 .debug_str     0x00003d56      0x5f9 CMakeFiles/test_halchange.elf.dir/Drivers/STM32F1xx_HAL_Driver/Src/stm32f1xx_hal_uart.c.obj
                                0xcdc (size before relaxing)
 .debug_str     0x0000434f      0xba2 CMakeFiles/test_halchange.elf.dir/Middlewares/Third_Party/FreeRTOS/Source/CMSIS_RTOS/cmsis_os.c.obj
                               0x1044 (size before relaxing)
 .debug_str     0x00004ef1      0x161 CMakeFiles/test_halchange.elf.dir/Middlewares/Third_Party/FreeRTOS/Source/list.c.obj
                                0x343 (size before relaxing)
 .debug_str     0x00005052      0x245 CMakeFiles/test_halchange.elf.dir/Middlewares/Third_Party/FreeRTOS/Source/portable/GCC/ARM_CM3/port.c.obj
                                0x4af (size before relaxing)
 .debug_str     0x00005297      0x210 CMakeFiles/test_halchange.elf.dir/Middlewares/Third_Party/FreeRTOS/Source/portable/MemMang/heap_4.c.obj
                                0x42c (size before relaxing)
 .debug_str     0x000054a7      0x903 CMakeFiles/test_halchange.elf.dir/Middlewares/Third_Party/FreeRTOS/Source/tasks.c.obj
                               0x1017 (size before relaxing)

.comment        0x00000000       0x49
 .comment       0x00000000       0x49 CMakeFiles/test_halchange.elf.dir/Core/PidPosition/PidPosition.c.obj
                                 0x4a (size before relaxing)
 .comment       0x00000049       0x4a CMakeFiles/test_halchange.elf.dir/Core/PidSpeed/PidSpeed.c.obj
 .comment       0x00000049       0x4a CMakeFiles/test_halchange.elf.dir/Core/Src/freertos.c.obj
 .comment       0x00000049       0x4a CMakeFiles/test_halchange.elf.dir/Core/Src/gpio.c.obj
 .comment       0x00000049       0x4a CMakeFiles/test_halchange.elf.dir/Core/Src/main.c.obj
 .comment       0x00000049       0x4a CMakeFiles/test_halchange.elf.dir/Core/Src/stm32f1xx_hal_msp.c.obj
 .comment       0x00000049       0x4a CMakeFiles/test_halchange.elf.dir/Core/Src/stm32f1xx_hal_timebase_tim.c.obj
 .comment       0x00000049       0x4a CMakeFiles/test_halchange.elf.dir/Core/Src/stm32f1xx_it.c.obj
 .comment       0x00000049       0x4a CMakeFiles/test_halchange.elf.dir/Core/Src/system_stm32f1xx.c.obj
 .comment       0x00000049       0x4a CMakeFiles/test_halchange.elf.dir/Core/Src/tim.c.obj
 .comment       0x00000049       0x4a CMakeFiles/test_halchange.elf.dir/Core/Src/usart.c.obj
 .comment       0x00000049       0x4a CMakeFiles/test_halchange.elf.dir/Core/TimControl/TimControl.c.obj
 .comment       0x00000049       0x4a CMakeFiles/test_halchange.elf.dir/Drivers/STM32F1xx_HAL_Driver/Src/stm32f1xx_hal.c.obj
 .comment       0x00000049       0x4a CMakeFiles/test_halchange.elf.dir/Drivers/STM32F1xx_HAL_Driver/Src/stm32f1xx_hal_cortex.c.obj
 .comment       0x00000049       0x4a CMakeFiles/test_halchange.elf.dir/Drivers/STM32F1xx_HAL_Driver/Src/stm32f1xx_hal_dma.c.obj
 .comment       0x00000049       0x4a CMakeFiles/test_halchange.elf.dir/Drivers/STM32F1xx_HAL_Driver/Src/stm32f1xx_hal_gpio.c.obj
 .comment       0x00000049       0x4a CMakeFiles/test_halchange.elf.dir/Drivers/STM32F1xx_HAL_Driver/Src/stm32f1xx_hal_rcc.c.obj
 .comment       0x00000049       0x4a CMakeFiles/test_halchange.elf.dir/Drivers/STM32F1xx_HAL_Driver/Src/stm32f1xx_hal_tim.c.obj
 .comment       0x00000049       0x4a CMakeFiles/test_halchange.elf.dir/Drivers/STM32F1xx_HAL_Driver/Src/stm32f1xx_hal_tim_ex.c.obj
 .comment       0x00000049       0x4a CMakeFiles/test_halchange.elf.dir/Drivers/STM32F1xx_HAL_Driver/Src/stm32f1xx_hal_uart.c.obj
 .comment       0x00000049       0x4a CMakeFiles/test_halchange.elf.dir/Middlewares/Third_Party/FreeRTOS/Source/CMSIS_RTOS/cmsis_os.c.obj
 .comment       0x00000049       0x4a CMakeFiles/test_halchange.elf.dir/Middlewares/Third_Party/FreeRTOS/Source/list.c.obj
 .comment       0x00000049       0x4a CMakeFiles/test_halchange.elf.dir/Middlewares/Third_Party/FreeRTOS/Source/portable/GCC/ARM_CM3/port.c.obj
 .comment       0x00000049       0x4a CMakeFiles/test_halchange.elf.dir/Middlewares/Third_Party/FreeRTOS/Source/portable/MemMang/heap_4.c.obj
 .comment       0x00000049       0x4a CMakeFiles/test_halchange.elf.dir/Middlewares/Third_Party/FreeRTOS/Source/tasks.c.obj

.debug_frame    0x00000000     0x3144
 .debug_frame   0x00000000       0x4c CMakeFiles/test_halchange.elf.dir/Core/PidPosition/PidPosition.c.obj
 .debug_frame   0x0000004c       0x74 CMakeFiles/test_halchange.elf.dir/Core/PidSpeed/PidSpeed.c.obj
 .debug_frame   0x000000c0       0x70 CMakeFiles/test_halchange.elf.dir/Core/Src/freertos.c.obj
 .debug_frame   0x00000130       0x38 CMakeFiles/test_halchange.elf.dir/Core/Src/gpio.c.obj
 .debug_frame   0x00000168       0x80 CMakeFiles/test_halchange.elf.dir/Core/Src/main.c.obj
 .debug_frame   0x000001e8       0x28 CMakeFiles/test_halchange.elf.dir/Core/Src/stm32f1xx_hal_msp.c.obj
 .debug_frame   0x00000210       0x50 CMakeFiles/test_halchange.elf.dir/Core/Src/stm32f1xx_hal_timebase_tim.c.obj
 .debug_frame   0x00000260       0xe8 CMakeFiles/test_halchange.elf.dir/Core/Src/stm32f1xx_it.c.obj
 .debug_frame   0x00000348       0x30 CMakeFiles/test_halchange.elf.dir/Core/Src/system_stm32f1xx.c.obj
 .debug_frame   0x00000378      0x128 CMakeFiles/test_halchange.elf.dir/Core/Src/tim.c.obj
 .debug_frame   0x000004a0       0x7c CMakeFiles/test_halchange.elf.dir/Core/Src/usart.c.obj
 .debug_frame   0x0000051c       0x44 CMakeFiles/test_halchange.elf.dir/Core/TimControl/TimControl.c.obj
 .debug_frame   0x00000560      0x1cc CMakeFiles/test_halchange.elf.dir/Drivers/STM32F1xx_HAL_Driver/Src/stm32f1xx_hal.c.obj
 .debug_frame   0x0000072c      0x118 CMakeFiles/test_halchange.elf.dir/Drivers/STM32F1xx_HAL_Driver/Src/stm32f1xx_hal_cortex.c.obj
 .debug_frame   0x00000844      0x144 CMakeFiles/test_halchange.elf.dir/Drivers/STM32F1xx_HAL_Driver/Src/stm32f1xx_hal_dma.c.obj
 .debug_frame   0x00000988       0xe4 CMakeFiles/test_halchange.elf.dir/Drivers/STM32F1xx_HAL_Driver/Src/stm32f1xx_hal_gpio.c.obj
 .debug_frame   0x00000a6c      0x190 CMakeFiles/test_halchange.elf.dir/Drivers/STM32F1xx_HAL_Driver/Src/stm32f1xx_hal_rcc.c.obj
 .debug_frame   0x00000bfc      0xb18 CMakeFiles/test_halchange.elf.dir/Drivers/STM32F1xx_HAL_Driver/Src/stm32f1xx_hal_tim.c.obj
 .debug_frame   0x00001714      0x40c CMakeFiles/test_halchange.elf.dir/Drivers/STM32F1xx_HAL_Driver/Src/stm32f1xx_hal_tim_ex.c.obj
 .debug_frame   0x00001b20      0x5c4 CMakeFiles/test_halchange.elf.dir/Drivers/STM32F1xx_HAL_Driver/Src/stm32f1xx_hal_uart.c.obj
 .debug_frame   0x000020e4      0x58c CMakeFiles/test_halchange.elf.dir/Middlewares/Third_Party/FreeRTOS/Source/CMSIS_RTOS/cmsis_os.c.obj
 .debug_frame   0x00002670       0x70 CMakeFiles/test_halchange.elf.dir/Middlewares/Third_Party/FreeRTOS/Source/list.c.obj
 .debug_frame   0x000026e0       0xf0 CMakeFiles/test_halchange.elf.dir/Middlewares/Third_Party/FreeRTOS/Source/portable/GCC/ARM_CM3/port.c.obj
 .debug_frame   0x000027d0       0xb0 CMakeFiles/test_halchange.elf.dir/Middlewares/Third_Party/FreeRTOS/Source/portable/MemMang/heap_4.c.obj
 .debug_frame   0x00002880      0x568 CMakeFiles/test_halchange.elf.dir/Middlewares/Third_Party/FreeRTOS/Source/tasks.c.obj
 .debug_frame   0x00002de8       0x4c d:/gcc-arm-none-eabi-10.3-2021.10/bin/../lib/gcc/arm-none-eabi/10.3.1/thumb/v7-m/nofp\libgcc.a(_arm_addsubsf3.o)
 .debug_frame   0x00002e34       0x38 d:/gcc-arm-none-eabi-10.3-2021.10/bin/../lib/gcc/arm-none-eabi/10.3.1/thumb/v7-m/nofp\libgcc.a(_arm_muldivsf3.o)
 .debug_frame   0x00002e6c       0xc8 d:/gcc-arm-none-eabi-10.3-2021.10/bin/../lib/gcc/arm-none-eabi/10.3.1/thumb/v7-m/nofp\libgcc.a(_arm_cmpsf2.o)
 .debug_frame   0x00002f34       0x24 d:/gcc-arm-none-eabi-10.3-2021.10/bin/../lib/gcc/arm-none-eabi/10.3.1/thumb/v7-m/nofp\libgcc.a(_arm_fixsfsi.o)
 .debug_frame   0x00002f58       0x2c d:/gcc-arm-none-eabi-10.3-2021.10/bin/../lib/gcc/arm-none-eabi/10.3.1/../../../../arm-none-eabi/lib/thumb/v7-m/nofp\libg.a(lib_a-init.o)
 .debug_frame   0x00002f84       0x2c d:/gcc-arm-none-eabi-10.3-2021.10/bin/../lib/gcc/arm-none-eabi/10.3.1/../../../../arm-none-eabi/lib/thumb/v7-m/nofp\libg.a(lib_a-memset.o)
 .debug_frame   0x00002fb0       0x5c d:/gcc-arm-none-eabi-10.3-2021.10/bin/../lib/gcc/arm-none-eabi/10.3.1/../../../../arm-none-eabi/lib/thumb/v7-m/nofp\libg.a(lib_a-__call_atexit.o)
 .debug_frame   0x0000300c       0x20 d:/gcc-arm-none-eabi-10.3-2021.10/bin/../lib/gcc/arm-none-eabi/10.3.1/../../../../arm-none-eabi/lib/thumb/v7-m/nofp\libg.a(lib_a-atexit.o)
 .debug_frame   0x0000302c       0x34 d:/gcc-arm-none-eabi-10.3-2021.10/bin/../lib/gcc/arm-none-eabi/10.3.1/../../../../arm-none-eabi/lib/thumb/v7-m/nofp\libg.a(lib_a-fini.o)
 .debug_frame   0x00003060       0xb0 d:/gcc-arm-none-eabi-10.3-2021.10/bin/../lib/gcc/arm-none-eabi/10.3.1/../../../../arm-none-eabi/lib/thumb/v7-m/nofp\libg.a(lib_a-lock.o)
 .debug_frame   0x00003110       0x34 d:/gcc-arm-none-eabi-10.3-2021.10/bin/../lib/gcc/arm-none-eabi/10.3.1/../../../../arm-none-eabi/lib/thumb/v7-m/nofp\libg.a(lib_a-__atexit.o)